=== Recon_6 llvm phase ===
[provenance] Saved provenance.tar.gz  (parsexml.py, Recon_6.als, run_config.jsonc)
[llvm] [mispredict_not_taken] Generating LLVM IR for 100000/100000 instances …
[llvm] Done — 100000/100000 .ll files
=== Recon_6 asm phase ===
[asm] Compiling 100000/100000 .ll files  (jobs=40) …
[asm] Compiling 69609/100000 .ll files  (jobs=40) …
  progress: 500/69609  ok=500  errors=0
  progress: 1000/69609  ok=1000  errors=0
  progress: 1500/69609  ok=1500  errors=0
  progress: 2000/69609  ok=2000  errors=0
  progress: 2500/69609  ok=2500  errors=0
  progress: 3000/69609  ok=3000  errors=0
  progress: 3500/69609  ok=3500  errors=0
  progress: 4000/69609  ok=4000  errors=0
  progress: 4500/69609  ok=4500  errors=0
  progress: 5000/69609  ok=5000  errors=0
  progress: 5500/69609  ok=5500  errors=0
  progress: 6000/69609  ok=6000  errors=0
  progress: 6500/69609  ok=6500  errors=0
  progress: 7000/69609  ok=7000  errors=0
  progress: 7500/69609  ok=7500  errors=0
  progress: 8000/69609  ok=8000  errors=0
  progress: 8500/69609  ok=8500  errors=0
  progress: 9000/69609  ok=9000  errors=0
  progress: 9500/69609  ok=9500  errors=0
  progress: 10000/69609  ok=10000  errors=0
  progress: 10500/69609  ok=10500  errors=0
  progress: 11000/69609  ok=11000  errors=0
  progress: 11500/69609  ok=11500  errors=0
  progress: 12000/69609  ok=12000  errors=0
  progress: 12500/69609  ok=12500  errors=0
  progress: 13000/69609  ok=13000  errors=0
  progress: 13500/69609  ok=13500  errors=0
  progress: 14000/69609  ok=14000  errors=0
  progress: 14500/69609  ok=14500  errors=0
  progress: 15000/69609  ok=15000  errors=0
  progress: 15500/69609  ok=15500  errors=0
  progress: 16000/69609  ok=16000  errors=0
  progress: 16500/69609  ok=16500  errors=0
  progress: 17000/69609  ok=17000  errors=0
  progress: 17500/69609  ok=17500  errors=0
  progress: 18000/69609  ok=18000  errors=0
  progress: 18500/69609  ok=18500  errors=0
  progress: 19000/69609  ok=19000  errors=0
  progress: 19500/69609  ok=19500  errors=0
  progress: 20000/69609  ok=20000  errors=0
  progress: 20500/69609  ok=20500  errors=0
  progress: 21000/69609  ok=21000  errors=0
  progress: 21500/69609  ok=21500  errors=0
  progress: 22000/69609  ok=22000  errors=0
  progress: 22500/69609  ok=22500  errors=0
  progress: 23000/69609  ok=23000  errors=0
  progress: 23500/69609  ok=23500  errors=0
  progress: 24000/69609  ok=24000  errors=0
  progress: 24500/69609  ok=24500  errors=0
  progress: 25000/69609  ok=25000  errors=0
  progress: 25500/69609  ok=25500  errors=0
  progress: 26000/69609  ok=26000  errors=0
  progress: 26500/69609  ok=26500  errors=0
  progress: 27000/69609  ok=27000  errors=0
  progress: 27500/69609  ok=27500  errors=0
  progress: 28000/69609  ok=28000  errors=0
  progress: 28500/69609  ok=28500  errors=0
  progress: 29000/69609  ok=29000  errors=0
  progress: 29500/69609  ok=29500  errors=0
  progress: 30000/69609  ok=30000  errors=0
  progress: 30500/69609  ok=30500  errors=0
  progress: 31000/69609  ok=31000  errors=0
  progress: 31500/69609  ok=31500  errors=0
  progress: 32000/69609  ok=32000  errors=0
  progress: 32500/69609  ok=32500  errors=0
  progress: 33000/69609  ok=33000  errors=0
  progress: 33500/69609  ok=33500  errors=0
  progress: 34000/69609  ok=34000  errors=0
  progress: 34500/69609  ok=34500  errors=0
  progress: 35000/69609  ok=35000  errors=0
  progress: 35500/69609  ok=35500  errors=0
  progress: 36000/69609  ok=36000  errors=0
  progress: 36500/69609  ok=36500  errors=0
  progress: 37000/69609  ok=37000  errors=0
  progress: 37500/69609  ok=37500  errors=0
  progress: 38000/69609  ok=38000  errors=0
  progress: 38500/69609  ok=38500  errors=0
  progress: 39000/69609  ok=39000  errors=0
  progress: 39500/69609  ok=39500  errors=0
  progress: 40000/69609  ok=40000  errors=0
  progress: 40500/69609  ok=40500  errors=0
  progress: 41000/69609  ok=41000  errors=0
  progress: 41500/69609  ok=41500  errors=0
  progress: 42000/69609  ok=42000  errors=0
  progress: 42500/69609  ok=42500  errors=0
  progress: 43000/69609  ok=43000  errors=0
  progress: 43500/69609  ok=43500  errors=0
  progress: 44000/69609  ok=44000  errors=0
  progress: 44500/69609  ok=44500  errors=0
  progress: 45000/69609  ok=45000  errors=0
  progress: 45500/69609  ok=45500  errors=0
  progress: 46000/69609  ok=46000  errors=0
  progress: 46500/69609  ok=46500  errors=0
  progress: 47000/69609  ok=47000  errors=0
  progress: 47500/69609  ok=47500  errors=0
  progress: 48000/69609  ok=48000  errors=0
  progress: 48500/69609  ok=48500  errors=0
  progress: 49000/69609  ok=49000  errors=0
  progress: 49500/69609  ok=49500  errors=0
  progress: 50000/69609  ok=50000  errors=0
  progress: 50500/69609  ok=50500  errors=0
  progress: 51000/69609  ok=51000  errors=0
  progress: 51500/69609  ok=51500  errors=0
  progress: 52000/69609  ok=52000  errors=0
  progress: 52500/69609  ok=52500  errors=0
  progress: 53000/69609  ok=53000  errors=0
  progress: 53500/69609  ok=53500  errors=0
  progress: 54000/69609  ok=54000  errors=0
  progress: 54500/69609  ok=54500  errors=0
  progress: 55000/69609  ok=55000  errors=0
  progress: 55500/69609  ok=55500  errors=0
  progress: 56000/69609  ok=56000  errors=0
  progress: 56500/69609  ok=56500  errors=0
  progress: 57000/69609  ok=57000  errors=0
  progress: 57500/69609  ok=57500  errors=0
  progress: 58000/69609  ok=58000  errors=0
  progress: 58500/69609  ok=58500  errors=0
  progress: 59000/69609  ok=59000  errors=0
  progress: 59500/69609  ok=59500  errors=0
  progress: 60000/69609  ok=60000  errors=0
  progress: 60500/69609  ok=60500  errors=0
  progress: 61000/69609  ok=61000  errors=0
  progress: 61500/69609  ok=61500  errors=0
  progress: 62000/69609  ok=62000  errors=0
  progress: 62500/69609  ok=62500  errors=0
  progress: 63000/69609  ok=63000  errors=0
  progress: 63500/69609  ok=63500  errors=0
  progress: 64000/69609  ok=64000  errors=0
  progress: 64500/69609  ok=64500  errors=0
  progress: 65000/69609  ok=65000  errors=0
  progress: 65500/69609  ok=65500  errors=0
  progress: 66000/69609  ok=66000  errors=0
  progress: 66500/69609  ok=66500  errors=0
  progress: 67000/69609  ok=67000  errors=0
  progress: 67500/69609  ok=67500  errors=0
  progress: 68000/69609  ok=68000  errors=0
  progress: 68500/69609  ok=68500  errors=0
  progress: 69000/69609  ok=69000  errors=0
  progress: 69500/69609  ok=69500  errors=0
[asm] Done — 69609 compiled
