[llvm] [mispredict_not_taken] Generating LLVM IR for 100000/100000 instances …
[llvm] Done — 100000/100000 .ll files
[llvm] [mispredict_taken] Generating LLVM IR for 100000/100000 instances …
[llvm] Done — 100000/100000 .ll files
[asm] Compiling 400000/400000 .ll files  (jobs=16) …
  progress: 500/400000  ok=500  errors=0
  progress: 1000/400000  ok=1000  errors=0
  progress: 1500/400000  ok=1500  errors=0
  progress: 2000/400000  ok=2000  errors=0
  progress: 2500/400000  ok=2500  errors=0
  progress: 3000/400000  ok=3000  errors=0
  progress: 3500/400000  ok=3500  errors=0
  progress: 4000/400000  ok=4000  errors=0
  progress: 4500/400000  ok=4500  errors=0
  progress: 5000/400000  ok=5000  errors=0
  progress: 5500/400000  ok=5500  errors=0
  progress: 6000/400000  ok=6000  errors=0
  progress: 6500/400000  ok=6500  errors=0
  progress: 7000/400000  ok=7000  errors=0
  progress: 7500/400000  ok=7500  errors=0
  progress: 8000/400000  ok=8000  errors=0
  progress: 8500/400000  ok=8500  errors=0
  progress: 9000/400000  ok=9000  errors=0
  progress: 9500/400000  ok=9500  errors=0
  progress: 10000/400000  ok=10000  errors=0
  progress: 10500/400000  ok=10500  errors=0
  progress: 11000/400000  ok=11000  errors=0
  progress: 11500/400000  ok=11500  errors=0
  progress: 12000/400000  ok=12000  errors=0
  progress: 12500/400000  ok=12500  errors=0
  progress: 13000/400000  ok=13000  errors=0
  progress: 13500/400000  ok=13500  errors=0
  progress: 14000/400000  ok=14000  errors=0
  progress: 14500/400000  ok=14500  errors=0
  progress: 15000/400000  ok=15000  errors=0
  progress: 15500/400000  ok=15500  errors=0
  progress: 16000/400000  ok=16000  errors=0
  progress: 16500/400000  ok=16500  errors=0
  progress: 17000/400000  ok=17000  errors=0
  progress: 17500/400000  ok=17500  errors=0
  progress: 18000/400000  ok=18000  errors=0
  progress: 18500/400000  ok=18500  errors=0
  progress: 19000/400000  ok=19000  errors=0
  progress: 19500/400000  ok=19500  errors=0
  progress: 20000/400000  ok=20000  errors=0
  progress: 20500/400000  ok=20500  errors=0
  progress: 21000/400000  ok=21000  errors=0
  progress: 21500/400000  ok=21500  errors=0
  progress: 22000/400000  ok=22000  errors=0
  progress: 22500/400000  ok=22500  errors=0
  progress: 23000/400000  ok=23000  errors=0
  progress: 23500/400000  ok=23500  errors=0
  progress: 24000/400000  ok=24000  errors=0
  progress: 24500/400000  ok=24500  errors=0
  progress: 25000/400000  ok=25000  errors=0
  progress: 25500/400000  ok=25500  errors=0
  progress: 26000/400000  ok=26000  errors=0
  progress: 26500/400000  ok=26500  errors=0
  progress: 27000/400000  ok=27000  errors=0
  progress: 27500/400000  ok=27500  errors=0
  progress: 28000/400000  ok=28000  errors=0
  progress: 28500/400000  ok=28500  errors=0
  progress: 29000/400000  ok=29000  errors=0
  progress: 29500/400000  ok=29500  errors=0
  progress: 30000/400000  ok=30000  errors=0
  progress: 30500/400000  ok=30500  errors=0
  progress: 31000/400000  ok=31000  errors=0
  progress: 31500/400000  ok=31500  errors=0
  progress: 32000/400000  ok=32000  errors=0
  progress: 32500/400000  ok=32500  errors=0
  progress: 33000/400000  ok=33000  errors=0
  progress: 33500/400000  ok=33500  errors=0
  progress: 34000/400000  ok=34000  errors=0
  progress: 34500/400000  ok=34500  errors=0
  progress: 35000/400000  ok=35000  errors=0
  progress: 35500/400000  ok=35500  errors=0
  progress: 36000/400000  ok=36000  errors=0
  progress: 36500/400000  ok=36500  errors=0
  progress: 37000/400000  ok=37000  errors=0
  progress: 37500/400000  ok=37500  errors=0
  progress: 38000/400000  ok=38000  errors=0
  progress: 38500/400000  ok=38500  errors=0
  progress: 39000/400000  ok=39000  errors=0
  progress: 39500/400000  ok=39500  errors=0
  progress: 40000/400000  ok=40000  errors=0
  progress: 40500/400000  ok=40500  errors=0
  progress: 41000/400000  ok=41000  errors=0
  progress: 41500/400000  ok=41500  errors=0
  progress: 42000/400000  ok=42000  errors=0
  progress: 42500/400000  ok=42500  errors=0
  progress: 43000/400000  ok=43000  errors=0
  progress: 43500/400000  ok=43500  errors=0
  progress: 44000/400000  ok=44000  errors=0
  progress: 44500/400000  ok=44500  errors=0
  progress: 45000/400000  ok=45000  errors=0
  progress: 45500/400000  ok=45500  errors=0
  progress: 46000/400000  ok=46000  errors=0
  progress: 46500/400000  ok=46500  errors=0
  progress: 47000/400000  ok=47000  errors=0
  progress: 47500/400000  ok=47500  errors=0
  progress: 48000/400000  ok=48000  errors=0
  progress: 48500/400000  ok=48500  errors=0
  progress: 49000/400000  ok=49000  errors=0
  progress: 49500/400000  ok=49500  errors=0
  progress: 50000/400000  ok=50000  errors=0
  progress: 50500/400000  ok=50500  errors=0
  progress: 51000/400000  ok=51000  errors=0
  progress: 51500/400000  ok=51500  errors=0
  progress: 52000/400000  ok=52000  errors=0
  progress: 52500/400000  ok=52500  errors=0
  progress: 53000/400000  ok=53000  errors=0
  progress: 53500/400000  ok=53500  errors=0
  progress: 54000/400000  ok=54000  errors=0
  progress: 54500/400000  ok=54500  errors=0
  progress: 55000/400000  ok=55000  errors=0
  progress: 55500/400000  ok=55500  errors=0
  progress: 56000/400000  ok=56000  errors=0
  progress: 56500/400000  ok=56500  errors=0
  progress: 57000/400000  ok=57000  errors=0
  progress: 57500/400000  ok=57500  errors=0
  progress: 58000/400000  ok=58000  errors=0
  progress: 58500/400000  ok=58500  errors=0
  progress: 59000/400000  ok=59000  errors=0
  progress: 59500/400000  ok=59500  errors=0
  progress: 60000/400000  ok=60000  errors=0
  progress: 60500/400000  ok=60500  errors=0
  progress: 61000/400000  ok=61000  errors=0
  progress: 61500/400000  ok=61500  errors=0
  progress: 62000/400000  ok=62000  errors=0
  progress: 62500/400000  ok=62500  errors=0
  progress: 63000/400000  ok=63000  errors=0
  progress: 63500/400000  ok=63500  errors=0
  progress: 64000/400000  ok=64000  errors=0
  progress: 64500/400000  ok=64500  errors=0
  progress: 65000/400000  ok=65000  errors=0
  progress: 65500/400000  ok=65500  errors=0
  progress: 66000/400000  ok=66000  errors=0
  progress: 66500/400000  ok=66500  errors=0
  progress: 67000/400000  ok=67000  errors=0
  progress: 67500/400000  ok=67500  errors=0
  progress: 68000/400000  ok=68000  errors=0
  progress: 68500/400000  ok=68500  errors=0
  progress: 69000/400000  ok=69000  errors=0
  progress: 69500/400000  ok=69500  errors=0
  progress: 70000/400000  ok=70000  errors=0
  progress: 70500/400000  ok=70500  errors=0
  progress: 71000/400000  ok=71000  errors=0
  progress: 71500/400000  ok=71500  errors=0
  progress: 72000/400000  ok=72000  errors=0
  progress: 72500/400000  ok=72500  errors=0
  progress: 73000/400000  ok=73000  errors=0
  progress: 73500/400000  ok=73500  errors=0
  progress: 74000/400000  ok=74000  errors=0
  progress: 74500/400000  ok=74500  errors=0
  progress: 75000/400000  ok=75000  errors=0
  progress: 75500/400000  ok=75500  errors=0
  progress: 76000/400000  ok=76000  errors=0
  progress: 76500/400000  ok=76500  errors=0
  progress: 77000/400000  ok=77000  errors=0
  progress: 77500/400000  ok=77500  errors=0
  progress: 78000/400000  ok=78000  errors=0
  progress: 78500/400000  ok=78500  errors=0
  progress: 79000/400000  ok=79000  errors=0
  progress: 79500/400000  ok=79500  errors=0
  progress: 80000/400000  ok=80000  errors=0
  progress: 80500/400000  ok=80500  errors=0
  progress: 81000/400000  ok=81000  errors=0
  progress: 81500/400000  ok=81500  errors=0
  progress: 82000/400000  ok=82000  errors=0
  progress: 82500/400000  ok=82500  errors=0
  progress: 83000/400000  ok=83000  errors=0
  progress: 83500/400000  ok=83500  errors=0
  progress: 84000/400000  ok=84000  errors=0
  progress: 84500/400000  ok=84500  errors=0
  progress: 85000/400000  ok=85000  errors=0
  progress: 85500/400000  ok=85500  errors=0
  progress: 86000/400000  ok=86000  errors=0
  progress: 86500/400000  ok=86500  errors=0
  progress: 87000/400000  ok=87000  errors=0
  progress: 87500/400000  ok=87500  errors=0
  progress: 88000/400000  ok=88000  errors=0
  progress: 88500/400000  ok=88500  errors=0
  progress: 89000/400000  ok=89000  errors=0
  progress: 89500/400000  ok=89500  errors=0
  progress: 90000/400000  ok=90000  errors=0
  progress: 90500/400000  ok=90500  errors=0
  progress: 91000/400000  ok=91000  errors=0
  progress: 91500/400000  ok=91500  errors=0
  progress: 92000/400000  ok=92000  errors=0
  progress: 92500/400000  ok=92500  errors=0
  progress: 93000/400000  ok=93000  errors=0
  progress: 93500/400000  ok=93500  errors=0
  progress: 94000/400000  ok=94000  errors=0
  progress: 94500/400000  ok=94500  errors=0
  progress: 95000/400000  ok=95000  errors=0
  progress: 95500/400000  ok=95500  errors=0
  progress: 96000/400000  ok=96000  errors=0
  progress: 96500/400000  ok=96500  errors=0
  progress: 97000/400000  ok=97000  errors=0
  progress: 97500/400000  ok=97500  errors=0
  progress: 98000/400000  ok=98000  errors=0
  progress: 98500/400000  ok=98500  errors=0
  progress: 99000/400000  ok=99000  errors=0
  progress: 99500/400000  ok=99500  errors=0
  progress: 100000/400000  ok=100000  errors=0
  progress: 100500/400000  ok=100500  errors=0
  progress: 101000/400000  ok=101000  errors=0
  progress: 101500/400000  ok=101500  errors=0
  progress: 102000/400000  ok=102000  errors=0
  progress: 102500/400000  ok=102500  errors=0
  progress: 103000/400000  ok=103000  errors=0
  progress: 103500/400000  ok=103500  errors=0
  progress: 104000/400000  ok=104000  errors=0
  progress: 104500/400000  ok=104500  errors=0
  progress: 105000/400000  ok=105000  errors=0
  progress: 105500/400000  ok=105500  errors=0
  progress: 106000/400000  ok=106000  errors=0
  progress: 106500/400000  ok=106500  errors=0
  progress: 107000/400000  ok=107000  errors=0
  progress: 107500/400000  ok=107500  errors=0
  progress: 108000/400000  ok=108000  errors=0
  progress: 108500/400000  ok=108500  errors=0
  progress: 109000/400000  ok=109000  errors=0
  progress: 109500/400000  ok=109500  errors=0
  progress: 110000/400000  ok=110000  errors=0
  progress: 110500/400000  ok=110500  errors=0
  progress: 111000/400000  ok=111000  errors=0
  progress: 111500/400000  ok=111500  errors=0
  progress: 112000/400000  ok=112000  errors=0
  progress: 112500/400000  ok=112500  errors=0
  progress: 113000/400000  ok=113000  errors=0
  progress: 113500/400000  ok=113500  errors=0
  progress: 114000/400000  ok=114000  errors=0
  progress: 114500/400000  ok=114500  errors=0
  progress: 115000/400000  ok=115000  errors=0
  progress: 115500/400000  ok=115500  errors=0
  progress: 116000/400000  ok=116000  errors=0
  progress: 116500/400000  ok=116500  errors=0
  progress: 117000/400000  ok=117000  errors=0
  progress: 117500/400000  ok=117500  errors=0
  progress: 118000/400000  ok=118000  errors=0
  progress: 118500/400000  ok=118500  errors=0
  progress: 119000/400000  ok=119000  errors=0
  progress: 119500/400000  ok=119500  errors=0
  progress: 120000/400000  ok=120000  errors=0
  progress: 120500/400000  ok=120500  errors=0
  progress: 121000/400000  ok=121000  errors=0
  progress: 121500/400000  ok=121500  errors=0
  progress: 122000/400000  ok=122000  errors=0
  progress: 122500/400000  ok=122500  errors=0
  progress: 123000/400000  ok=123000  errors=0
  progress: 123500/400000  ok=123500  errors=0
  progress: 124000/400000  ok=124000  errors=0
  progress: 124500/400000  ok=124500  errors=0
  progress: 125000/400000  ok=125000  errors=0
  progress: 125500/400000  ok=125500  errors=0
  progress: 126000/400000  ok=126000  errors=0
  progress: 126500/400000  ok=126500  errors=0
  progress: 127000/400000  ok=127000  errors=0
  progress: 127500/400000  ok=127500  errors=0
  progress: 128000/400000  ok=128000  errors=0
  progress: 128500/400000  ok=128500  errors=0
  progress: 129000/400000  ok=129000  errors=0
  progress: 129500/400000  ok=129500  errors=0
  progress: 130000/400000  ok=130000  errors=0
  progress: 130500/400000  ok=130500  errors=0
  progress: 131000/400000  ok=131000  errors=0
  progress: 131500/400000  ok=131500  errors=0
  progress: 132000/400000  ok=132000  errors=0
  progress: 132500/400000  ok=132500  errors=0
  progress: 133000/400000  ok=133000  errors=0
  progress: 133500/400000  ok=133500  errors=0
  progress: 134000/400000  ok=134000  errors=0
  progress: 134500/400000  ok=134500  errors=0
  progress: 135000/400000  ok=135000  errors=0
  progress: 135500/400000  ok=135500  errors=0
  progress: 136000/400000  ok=136000  errors=0
  progress: 136500/400000  ok=136500  errors=0
  progress: 137000/400000  ok=137000  errors=0
  progress: 137500/400000  ok=137500  errors=0
  progress: 138000/400000  ok=138000  errors=0
  progress: 138500/400000  ok=138500  errors=0
  progress: 139000/400000  ok=139000  errors=0
  progress: 139500/400000  ok=139500  errors=0
  progress: 140000/400000  ok=140000  errors=0
  progress: 140500/400000  ok=140500  errors=0
  progress: 141000/400000  ok=141000  errors=0
  progress: 141500/400000  ok=141500  errors=0
  progress: 142000/400000  ok=142000  errors=0
  progress: 142500/400000  ok=142500  errors=0
  progress: 143000/400000  ok=143000  errors=0
  progress: 143500/400000  ok=143500  errors=0
  progress: 144000/400000  ok=144000  errors=0
  progress: 144500/400000  ok=144500  errors=0
  progress: 145000/400000  ok=145000  errors=0
  progress: 145500/400000  ok=145500  errors=0
  progress: 146000/400000  ok=146000  errors=0
  progress: 146500/400000  ok=146500  errors=0
  progress: 147000/400000  ok=147000  errors=0
  progress: 147500/400000  ok=147500  errors=0
  progress: 148000/400000  ok=148000  errors=0
  progress: 148500/400000  ok=148500  errors=0
  progress: 149000/400000  ok=149000  errors=0
  progress: 149500/400000  ok=149500  errors=0
  progress: 150000/400000  ok=150000  errors=0
  progress: 150500/400000  ok=150500  errors=0
  progress: 151000/400000  ok=151000  errors=0
  progress: 151500/400000  ok=151500  errors=0
  progress: 152000/400000  ok=152000  errors=0
  progress: 152500/400000  ok=152500  errors=0
  progress: 153000/400000  ok=153000  errors=0
  progress: 153500/400000  ok=153500  errors=0
  progress: 154000/400000  ok=154000  errors=0
  progress: 154500/400000  ok=154500  errors=0
  progress: 155000/400000  ok=155000  errors=0
  progress: 155500/400000  ok=155500  errors=0
  progress: 156000/400000  ok=156000  errors=0
  progress: 156500/400000  ok=156500  errors=0
  progress: 157000/400000  ok=157000  errors=0
  progress: 157500/400000  ok=157500  errors=0
  progress: 158000/400000  ok=158000  errors=0
  progress: 158500/400000  ok=158500  errors=0
  progress: 159000/400000  ok=159000  errors=0
  progress: 159500/400000  ok=159500  errors=0
  progress: 160000/400000  ok=160000  errors=0
  progress: 160500/400000  ok=160500  errors=0
  progress: 161000/400000  ok=161000  errors=0
  progress: 161500/400000  ok=161500  errors=0
  progress: 162000/400000  ok=162000  errors=0
  progress: 162500/400000  ok=162500  errors=0
  progress: 163000/400000  ok=163000  errors=0
  progress: 163500/400000  ok=163500  errors=0
  progress: 164000/400000  ok=164000  errors=0
  progress: 164500/400000  ok=164500  errors=0
  progress: 165000/400000  ok=165000  errors=0
  progress: 165500/400000  ok=165500  errors=0
  progress: 166000/400000  ok=166000  errors=0
  progress: 166500/400000  ok=166500  errors=0
  progress: 167000/400000  ok=167000  errors=0
  progress: 167500/400000  ok=167500  errors=0
  progress: 168000/400000  ok=168000  errors=0
  progress: 168500/400000  ok=168500  errors=0
  progress: 169000/400000  ok=169000  errors=0
  progress: 169500/400000  ok=169500  errors=0
  progress: 170000/400000  ok=170000  errors=0
  progress: 170500/400000  ok=170500  errors=0
  progress: 171000/400000  ok=171000  errors=0
  progress: 171500/400000  ok=171500  errors=0
  progress: 172000/400000  ok=172000  errors=0
  progress: 172500/400000  ok=172500  errors=0
  progress: 173000/400000  ok=173000  errors=0
  progress: 173500/400000  ok=173500  errors=0
  progress: 174000/400000  ok=174000  errors=0
  progress: 174500/400000  ok=174500  errors=0
  progress: 175000/400000  ok=175000  errors=0
  progress: 175500/400000  ok=175500  errors=0
  progress: 176000/400000  ok=176000  errors=0
  progress: 176500/400000  ok=176500  errors=0
  progress: 177000/400000  ok=177000  errors=0
  progress: 177500/400000  ok=177500  errors=0
  progress: 178000/400000  ok=178000  errors=0
  progress: 178500/400000  ok=178500  errors=0
  progress: 179000/400000  ok=179000  errors=0
  progress: 179500/400000  ok=179500  errors=0
  progress: 180000/400000  ok=180000  errors=0
  progress: 180500/400000  ok=180500  errors=0
  progress: 181000/400000  ok=181000  errors=0
  progress: 181500/400000  ok=181500  errors=0
  progress: 182000/400000  ok=182000  errors=0
  progress: 182500/400000  ok=182500  errors=0
  progress: 183000/400000  ok=183000  errors=0
  progress: 183500/400000  ok=183500  errors=0
  progress: 184000/400000  ok=184000  errors=0
  progress: 184500/400000  ok=184500  errors=0
  progress: 185000/400000  ok=185000  errors=0
  progress: 185500/400000  ok=185500  errors=0
  progress: 186000/400000  ok=186000  errors=0
  progress: 186500/400000  ok=186500  errors=0
  progress: 187000/400000  ok=187000  errors=0
  progress: 187500/400000  ok=187500  errors=0
  progress: 188000/400000  ok=188000  errors=0
  progress: 188500/400000  ok=188500  errors=0
  progress: 189000/400000  ok=189000  errors=0
  progress: 189500/400000  ok=189500  errors=0
  progress: 190000/400000  ok=190000  errors=0
  progress: 190500/400000  ok=190500  errors=0
  progress: 191000/400000  ok=191000  errors=0
  progress: 191500/400000  ok=191500  errors=0
  progress: 192000/400000  ok=192000  errors=0
  progress: 192500/400000  ok=192500  errors=0
  progress: 193000/400000  ok=193000  errors=0
  progress: 193500/400000  ok=193500  errors=0
  progress: 194000/400000  ok=194000  errors=0
  progress: 194500/400000  ok=194500  errors=0
  progress: 195000/400000  ok=195000  errors=0
  progress: 195500/400000  ok=195500  errors=0
  progress: 196000/400000  ok=196000  errors=0
  progress: 196500/400000  ok=196500  errors=0
  progress: 197000/400000  ok=197000  errors=0
  progress: 197500/400000  ok=197500  errors=0
  progress: 198000/400000  ok=198000  errors=0
  progress: 198500/400000  ok=198500  errors=0
  progress: 199000/400000  ok=199000  errors=0
  progress: 199500/400000  ok=199500  errors=0
  progress: 200000/400000  ok=200000  errors=0
  progress: 200500/400000  ok=200500  errors=0
  progress: 201000/400000  ok=201000  errors=0
  progress: 201500/400000  ok=201500  errors=0
  progress: 202000/400000  ok=202000  errors=0
  progress: 202500/400000  ok=202500  errors=0
  progress: 203000/400000  ok=203000  errors=0
  progress: 203500/400000  ok=203500  errors=0
  progress: 204000/400000  ok=204000  errors=0
  progress: 204500/400000  ok=204500  errors=0
  progress: 205000/400000  ok=205000  errors=0
  progress: 205500/400000  ok=205500  errors=0
  progress: 206000/400000  ok=206000  errors=0
  progress: 206500/400000  ok=206500  errors=0
  progress: 207000/400000  ok=207000  errors=0
  progress: 207500/400000  ok=207500  errors=0
  progress: 208000/400000  ok=208000  errors=0
  progress: 208500/400000  ok=208500  errors=0
  progress: 209000/400000  ok=209000  errors=0
  progress: 209500/400000  ok=209500  errors=0
  progress: 210000/400000  ok=210000  errors=0
  progress: 210500/400000  ok=210500  errors=0
  progress: 211000/400000  ok=211000  errors=0
  progress: 211500/400000  ok=211500  errors=0
  progress: 212000/400000  ok=212000  errors=0
  progress: 212500/400000  ok=212500  errors=0
  progress: 213000/400000  ok=213000  errors=0
  progress: 213500/400000  ok=213500  errors=0
  progress: 214000/400000  ok=214000  errors=0
  progress: 214500/400000  ok=214500  errors=0
  progress: 215000/400000  ok=215000  errors=0
  progress: 215500/400000  ok=215500  errors=0
  progress: 216000/400000  ok=216000  errors=0
  progress: 216500/400000  ok=216500  errors=0
  progress: 217000/400000  ok=217000  errors=0
  progress: 217500/400000  ok=217500  errors=0
  progress: 218000/400000  ok=218000  errors=0
  progress: 218500/400000  ok=218500  errors=0
  progress: 219000/400000  ok=219000  errors=0
  progress: 219500/400000  ok=219500  errors=0
  progress: 220000/400000  ok=220000  errors=0
  progress: 220500/400000  ok=220500  errors=0
  progress: 221000/400000  ok=221000  errors=0
  progress: 221500/400000  ok=221500  errors=0
  progress: 222000/400000  ok=222000  errors=0
  progress: 222500/400000  ok=222500  errors=0
  progress: 223000/400000  ok=223000  errors=0
  progress: 223500/400000  ok=223500  errors=0
  progress: 224000/400000  ok=224000  errors=0
  progress: 224500/400000  ok=224500  errors=0
  progress: 225000/400000  ok=225000  errors=0
  progress: 225500/400000  ok=225500  errors=0
  progress: 226000/400000  ok=226000  errors=0
  progress: 226500/400000  ok=226500  errors=0
  progress: 227000/400000  ok=227000  errors=0
  progress: 227500/400000  ok=227500  errors=0
  progress: 228000/400000  ok=228000  errors=0
  progress: 228500/400000  ok=228500  errors=0
  progress: 229000/400000  ok=229000  errors=0
  progress: 229500/400000  ok=229500  errors=0
  progress: 230000/400000  ok=230000  errors=0
  progress: 230500/400000  ok=230500  errors=0
  progress: 231000/400000  ok=231000  errors=0
  progress: 231500/400000  ok=231500  errors=0
  progress: 232000/400000  ok=232000  errors=0
  progress: 232500/400000  ok=232500  errors=0
  progress: 233000/400000  ok=233000  errors=0
  progress: 233500/400000  ok=233500  errors=0
  progress: 234000/400000  ok=234000  errors=0
  progress: 234500/400000  ok=234500  errors=0
  progress: 235000/400000  ok=235000  errors=0
  progress: 235500/400000  ok=235500  errors=0
  progress: 236000/400000  ok=236000  errors=0
  progress: 236500/400000  ok=236500  errors=0
  progress: 237000/400000  ok=237000  errors=0
  progress: 237500/400000  ok=237500  errors=0
  progress: 238000/400000  ok=238000  errors=0
  progress: 238500/400000  ok=238500  errors=0
  progress: 239000/400000  ok=239000  errors=0
  progress: 239500/400000  ok=239500  errors=0
  progress: 240000/400000  ok=240000  errors=0
  progress: 240500/400000  ok=240500  errors=0
  progress: 241000/400000  ok=241000  errors=0
  progress: 241500/400000  ok=241500  errors=0
  progress: 242000/400000  ok=242000  errors=0
  progress: 242500/400000  ok=242500  errors=0
  progress: 243000/400000  ok=243000  errors=0
  progress: 243500/400000  ok=243500  errors=0
  progress: 244000/400000  ok=244000  errors=0
  progress: 244500/400000  ok=244500  errors=0
  progress: 245000/400000  ok=245000  errors=0
  progress: 245500/400000  ok=245500  errors=0
  progress: 246000/400000  ok=246000  errors=0
  progress: 246500/400000  ok=246500  errors=0
  progress: 247000/400000  ok=247000  errors=0
  progress: 247500/400000  ok=247500  errors=0
  progress: 248000/400000  ok=248000  errors=0
  progress: 248500/400000  ok=248500  errors=0
  progress: 249000/400000  ok=249000  errors=0
  progress: 249500/400000  ok=249500  errors=0
  progress: 250000/400000  ok=250000  errors=0
  progress: 250500/400000  ok=250500  errors=0
  progress: 251000/400000  ok=251000  errors=0
  progress: 251500/400000  ok=251500  errors=0
  progress: 252000/400000  ok=252000  errors=0
  progress: 252500/400000  ok=252500  errors=0
  progress: 253000/400000  ok=253000  errors=0
  progress: 253500/400000  ok=253500  errors=0
  progress: 254000/400000  ok=254000  errors=0
  progress: 254500/400000  ok=254500  errors=0
  progress: 255000/400000  ok=255000  errors=0
  progress: 255500/400000  ok=255500  errors=0
  progress: 256000/400000  ok=256000  errors=0
  progress: 256500/400000  ok=256500  errors=0
  progress: 257000/400000  ok=257000  errors=0
  progress: 257500/400000  ok=257500  errors=0
  progress: 258000/400000  ok=258000  errors=0
  progress: 258500/400000  ok=258500  errors=0
  progress: 259000/400000  ok=259000  errors=0
  progress: 259500/400000  ok=259500  errors=0
  progress: 260000/400000  ok=260000  errors=0
  progress: 260500/400000  ok=260500  errors=0
  progress: 261000/400000  ok=261000  errors=0
  progress: 261500/400000  ok=261500  errors=0
  progress: 262000/400000  ok=262000  errors=0
  progress: 262500/400000  ok=262500  errors=0
  progress: 263000/400000  ok=263000  errors=0
  progress: 263500/400000  ok=263500  errors=0
  progress: 264000/400000  ok=264000  errors=0
  progress: 264500/400000  ok=264500  errors=0
  progress: 265000/400000  ok=265000  errors=0
  progress: 265500/400000  ok=265500  errors=0
  progress: 266000/400000  ok=266000  errors=0
  progress: 266500/400000  ok=266500  errors=0
  progress: 267000/400000  ok=267000  errors=0
  progress: 267500/400000  ok=267500  errors=0
  progress: 268000/400000  ok=268000  errors=0
  progress: 268500/400000  ok=268500  errors=0
  progress: 269000/400000  ok=269000  errors=0
  progress: 269500/400000  ok=269500  errors=0
  progress: 270000/400000  ok=270000  errors=0
  progress: 270500/400000  ok=270500  errors=0
  progress: 271000/400000  ok=271000  errors=0
  progress: 271500/400000  ok=271500  errors=0
  progress: 272000/400000  ok=272000  errors=0
  progress: 272500/400000  ok=272500  errors=0
  progress: 273000/400000  ok=273000  errors=0
  progress: 273500/400000  ok=273500  errors=0
  progress: 274000/400000  ok=274000  errors=0
  progress: 274500/400000  ok=274500  errors=0
  progress: 275000/400000  ok=275000  errors=0
  progress: 275500/400000  ok=275500  errors=0
  progress: 276000/400000  ok=276000  errors=0
  progress: 276500/400000  ok=276500  errors=0
  progress: 277000/400000  ok=277000  errors=0
  progress: 277500/400000  ok=277500  errors=0
  progress: 278000/400000  ok=278000  errors=0
  progress: 278500/400000  ok=278500  errors=0
  progress: 279000/400000  ok=279000  errors=0
  progress: 279500/400000  ok=279500  errors=0
  progress: 280000/400000  ok=280000  errors=0
  progress: 280500/400000  ok=280500  errors=0
  progress: 281000/400000  ok=281000  errors=0
  progress: 281500/400000  ok=281500  errors=0
  progress: 282000/400000  ok=282000  errors=0
  progress: 282500/400000  ok=282500  errors=0
  progress: 283000/400000  ok=283000  errors=0
  progress: 283500/400000  ok=283500  errors=0
  progress: 284000/400000  ok=284000  errors=0
  progress: 284500/400000  ok=284500  errors=0
  progress: 285000/400000  ok=285000  errors=0
  progress: 285500/400000  ok=285500  errors=0
  progress: 286000/400000  ok=286000  errors=0
  progress: 286500/400000  ok=286500  errors=0
  progress: 287000/400000  ok=287000  errors=0
  progress: 287500/400000  ok=287500  errors=0
  progress: 288000/400000  ok=288000  errors=0
  progress: 288500/400000  ok=288500  errors=0
  progress: 289000/400000  ok=289000  errors=0
  progress: 289500/400000  ok=289500  errors=0
  progress: 290000/400000  ok=290000  errors=0
  progress: 290500/400000  ok=290500  errors=0
  progress: 291000/400000  ok=291000  errors=0
  progress: 291500/400000  ok=291500  errors=0
  progress: 292000/400000  ok=292000  errors=0
  progress: 292500/400000  ok=292500  errors=0
  progress: 293000/400000  ok=293000  errors=0
  progress: 293500/400000  ok=293500  errors=0
  progress: 294000/400000  ok=294000  errors=0
  progress: 294500/400000  ok=294500  errors=0
  progress: 295000/400000  ok=295000  errors=0
  progress: 295500/400000  ok=295500  errors=0
  progress: 296000/400000  ok=296000  errors=0
  progress: 296500/400000  ok=296500  errors=0
  progress: 297000/400000  ok=297000  errors=0
  progress: 297500/400000  ok=297500  errors=0
  progress: 298000/400000  ok=298000  errors=0
  progress: 298500/400000  ok=298500  errors=0
  progress: 299000/400000  ok=299000  errors=0
  progress: 299500/400000  ok=299500  errors=0
  progress: 300000/400000  ok=300000  errors=0
  progress: 300500/400000  ok=300500  errors=0
  progress: 301000/400000  ok=301000  errors=0
  progress: 301500/400000  ok=301500  errors=0
  progress: 302000/400000  ok=302000  errors=0
  progress: 302500/400000  ok=302500  errors=0
  progress: 303000/400000  ok=303000  errors=0
  progress: 303500/400000  ok=303500  errors=0
  progress: 304000/400000  ok=304000  errors=0
  progress: 304500/400000  ok=304500  errors=0
  progress: 305000/400000  ok=305000  errors=0
  progress: 305500/400000  ok=305500  errors=0
  progress: 306000/400000  ok=306000  errors=0
  progress: 306500/400000  ok=306500  errors=0
  progress: 307000/400000  ok=307000  errors=0
  progress: 307500/400000  ok=307500  errors=0
  progress: 308000/400000  ok=308000  errors=0
  progress: 308500/400000  ok=308500  errors=0
  progress: 309000/400000  ok=309000  errors=0
  progress: 309500/400000  ok=309500  errors=0
  progress: 310000/400000  ok=310000  errors=0
  progress: 310500/400000  ok=310500  errors=0
  progress: 311000/400000  ok=311000  errors=0
  progress: 311500/400000  ok=311500  errors=0
  progress: 312000/400000  ok=312000  errors=0
  progress: 312500/400000  ok=312500  errors=0
  progress: 313000/400000  ok=313000  errors=0
  progress: 313500/400000  ok=313500  errors=0
  progress: 314000/400000  ok=314000  errors=0
  progress: 314500/400000  ok=314500  errors=0
  progress: 315000/400000  ok=315000  errors=0
  progress: 315500/400000  ok=315500  errors=0
  progress: 316000/400000  ok=316000  errors=0
  progress: 316500/400000  ok=316500  errors=0
  progress: 317000/400000  ok=317000  errors=0
  progress: 317500/400000  ok=317500  errors=0
  progress: 318000/400000  ok=318000  errors=0
  progress: 318500/400000  ok=318500  errors=0
  progress: 319000/400000  ok=319000  errors=0
  progress: 319500/400000  ok=319500  errors=0
  progress: 320000/400000  ok=320000  errors=0
  progress: 320500/400000  ok=320500  errors=0
  progress: 321000/400000  ok=321000  errors=0
  progress: 321500/400000  ok=321500  errors=0
  progress: 322000/400000  ok=322000  errors=0
  progress: 322500/400000  ok=322500  errors=0
  progress: 323000/400000  ok=323000  errors=0
  progress: 323500/400000  ok=323500  errors=0
  progress: 324000/400000  ok=324000  errors=0
  progress: 324500/400000  ok=324500  errors=0
  progress: 325000/400000  ok=325000  errors=0
  progress: 325500/400000  ok=325500  errors=0
  progress: 326000/400000  ok=326000  errors=0
  progress: 326500/400000  ok=326500  errors=0
  progress: 327000/400000  ok=327000  errors=0
  progress: 327500/400000  ok=327500  errors=0
  progress: 328000/400000  ok=328000  errors=0
  progress: 328500/400000  ok=328500  errors=0
  progress: 329000/400000  ok=329000  errors=0
  progress: 329500/400000  ok=329500  errors=0
  progress: 330000/400000  ok=330000  errors=0
  progress: 330500/400000  ok=330500  errors=0
  progress: 331000/400000  ok=331000  errors=0
  progress: 331500/400000  ok=331500  errors=0
  progress: 332000/400000  ok=332000  errors=0
  progress: 332500/400000  ok=332500  errors=0
  progress: 333000/400000  ok=333000  errors=0
  progress: 333500/400000  ok=333500  errors=0
  progress: 334000/400000  ok=334000  errors=0
  progress: 334500/400000  ok=334500  errors=0
  progress: 335000/400000  ok=335000  errors=0
  progress: 335500/400000  ok=335500  errors=0
  progress: 336000/400000  ok=336000  errors=0
  progress: 336500/400000  ok=336500  errors=0
  progress: 337000/400000  ok=337000  errors=0
  progress: 337500/400000  ok=337500  errors=0
  progress: 338000/400000  ok=338000  errors=0
  progress: 338500/400000  ok=338500  errors=0
  progress: 339000/400000  ok=339000  errors=0
  progress: 339500/400000  ok=339500  errors=0
  progress: 340000/400000  ok=340000  errors=0
  progress: 340500/400000  ok=340500  errors=0
  progress: 341000/400000  ok=341000  errors=0
  progress: 341500/400000  ok=341500  errors=0
  progress: 342000/400000  ok=342000  errors=0
  progress: 342500/400000  ok=342500  errors=0
  progress: 343000/400000  ok=343000  errors=0
  progress: 343500/400000  ok=343500  errors=0
  progress: 344000/400000  ok=344000  errors=0
  progress: 344500/400000  ok=344500  errors=0
  progress: 345000/400000  ok=345000  errors=0
  progress: 345500/400000  ok=345500  errors=0
  progress: 346000/400000  ok=346000  errors=0
  progress: 346500/400000  ok=346500  errors=0
  progress: 347000/400000  ok=347000  errors=0
  progress: 347500/400000  ok=347500  errors=0
  progress: 348000/400000  ok=348000  errors=0
  progress: 348500/400000  ok=348500  errors=0
  progress: 349000/400000  ok=349000  errors=0
  progress: 349500/400000  ok=349500  errors=0
  progress: 350000/400000  ok=350000  errors=0
  progress: 350500/400000  ok=350500  errors=0
  progress: 351000/400000  ok=351000  errors=0
  progress: 351500/400000  ok=351500  errors=0
  progress: 352000/400000  ok=352000  errors=0
  progress: 352500/400000  ok=352500  errors=0
  progress: 353000/400000  ok=353000  errors=0
  progress: 353500/400000  ok=353500  errors=0
  progress: 354000/400000  ok=354000  errors=0
  progress: 354500/400000  ok=354500  errors=0
  progress: 355000/400000  ok=355000  errors=0
  progress: 355500/400000  ok=355500  errors=0
  progress: 356000/400000  ok=356000  errors=0
  progress: 356500/400000  ok=356500  errors=0
  progress: 357000/400000  ok=357000  errors=0
  progress: 357500/400000  ok=357500  errors=0
  progress: 358000/400000  ok=358000  errors=0
  progress: 358500/400000  ok=358500  errors=0
  progress: 359000/400000  ok=359000  errors=0
  progress: 359500/400000  ok=359500  errors=0
  progress: 360000/400000  ok=360000  errors=0
  progress: 360500/400000  ok=360500  errors=0
  progress: 361000/400000  ok=361000  errors=0
  progress: 361500/400000  ok=361500  errors=0
  progress: 362000/400000  ok=362000  errors=0
  progress: 362500/400000  ok=362500  errors=0
  progress: 363000/400000  ok=363000  errors=0
  progress: 363500/400000  ok=363500  errors=0
  progress: 364000/400000  ok=364000  errors=0
  progress: 364500/400000  ok=364500  errors=0
  progress: 365000/400000  ok=365000  errors=0
  progress: 365500/400000  ok=365500  errors=0
  progress: 366000/400000  ok=366000  errors=0
  progress: 366500/400000  ok=366500  errors=0
  progress: 367000/400000  ok=367000  errors=0
  progress: 367500/400000  ok=367500  errors=0
  progress: 368000/400000  ok=368000  errors=0
  progress: 368500/400000  ok=368500  errors=0
  progress: 369000/400000  ok=369000  errors=0
  progress: 369500/400000  ok=369500  errors=0
  progress: 370000/400000  ok=370000  errors=0
  progress: 370500/400000  ok=370500  errors=0
  progress: 371000/400000  ok=371000  errors=0
  progress: 371500/400000  ok=371500  errors=0
  progress: 372000/400000  ok=372000  errors=0
  progress: 372500/400000  ok=372500  errors=0
  progress: 373000/400000  ok=373000  errors=0
  progress: 373500/400000  ok=373500  errors=0
  progress: 374000/400000  ok=374000  errors=0
  progress: 374500/400000  ok=374500  errors=0
  progress: 375000/400000  ok=375000  errors=0
  progress: 375500/400000  ok=375500  errors=0
  progress: 376000/400000  ok=376000  errors=0
  progress: 376500/400000  ok=376500  errors=0
  progress: 377000/400000  ok=377000  errors=0
  progress: 377500/400000  ok=377500  errors=0
  progress: 378000/400000  ok=378000  errors=0
  progress: 378500/400000  ok=378500  errors=0
  progress: 379000/400000  ok=379000  errors=0
  progress: 379500/400000  ok=379500  errors=0
  progress: 380000/400000  ok=380000  errors=0
  progress: 380500/400000  ok=380500  errors=0
  progress: 381000/400000  ok=381000  errors=0
  progress: 381500/400000  ok=381500  errors=0
  progress: 382000/400000  ok=382000  errors=0
  progress: 382500/400000  ok=382500  errors=0
  progress: 383000/400000  ok=383000  errors=0
  progress: 383500/400000  ok=383500  errors=0
  progress: 384000/400000  ok=384000  errors=0
  progress: 384500/400000  ok=384500  errors=0
  progress: 385000/400000  ok=385000  errors=0
  progress: 385500/400000  ok=385500  errors=0
  progress: 386000/400000  ok=386000  errors=0
  progress: 386500/400000  ok=386500  errors=0
  progress: 387000/400000  ok=387000  errors=0
  progress: 387500/400000  ok=387500  errors=0
  progress: 388000/400000  ok=388000  errors=0
  progress: 388500/400000  ok=388500  errors=0
  progress: 389000/400000  ok=389000  errors=0
  progress: 389500/400000  ok=389500  errors=0
  progress: 390000/400000  ok=390000  errors=0
  progress: 390500/400000  ok=390500  errors=0
  progress: 391000/400000  ok=391000  errors=0
  progress: 391500/400000  ok=391500  errors=0
  progress: 392000/400000  ok=392000  errors=0
  progress: 392500/400000  ok=392500  errors=0
  progress: 393000/400000  ok=393000  errors=0
  progress: 393500/400000  ok=393500  errors=0
  progress: 394000/400000  ok=394000  errors=0
  progress: 394500/400000  ok=394500  errors=0
  progress: 395000/400000  ok=395000  errors=0
  progress: 395500/400000  ok=395500  errors=0
  progress: 396000/400000  ok=396000  errors=0
  progress: 396500/400000  ok=396500  errors=0
  progress: 397000/400000  ok=397000  errors=0
  progress: 397500/400000  ok=397500  errors=0
  progress: 398000/400000  ok=398000  errors=0
  progress: 398500/400000  ok=398500  errors=0
  progress: 399000/400000  ok=399000  errors=0
  progress: 399500/400000  ok=399500  errors=0
  progress: 400000/400000  ok=400000  errors=0
[asm] Done — 400000 compiled
[asm] Compiling 192892/400000 .ll files  (jobs=16) …
  progress: 500/192892  ok=500  errors=0
  progress: 1000/192892  ok=1000  errors=0
  progress: 1500/192892  ok=1500  errors=0
  progress: 2000/192892  ok=2000  errors=0
  progress: 2500/192892  ok=2500  errors=0
  progress: 3000/192892  ok=3000  errors=0
  progress: 3500/192892  ok=3500  errors=0
  progress: 4000/192892  ok=4000  errors=0
  progress: 4500/192892  ok=4500  errors=0
  progress: 5000/192892  ok=5000  errors=0
  progress: 5500/192892  ok=5500  errors=0
  progress: 6000/192892  ok=6000  errors=0
  progress: 6500/192892  ok=6500  errors=0
  progress: 7000/192892  ok=7000  errors=0
  progress: 7500/192892  ok=7500  errors=0
  progress: 8000/192892  ok=8000  errors=0
  progress: 8500/192892  ok=8500  errors=0
  progress: 9000/192892  ok=9000  errors=0
  progress: 9500/192892  ok=9500  errors=0
  progress: 10000/192892  ok=10000  errors=0
  progress: 10500/192892  ok=10500  errors=0
  progress: 11000/192892  ok=11000  errors=0
  progress: 11500/192892  ok=11500  errors=0
  progress: 12000/192892  ok=12000  errors=0
  progress: 12500/192892  ok=12500  errors=0
  progress: 13000/192892  ok=13000  errors=0
  progress: 13500/192892  ok=13500  errors=0
  progress: 14000/192892  ok=14000  errors=0
  progress: 14500/192892  ok=14500  errors=0
  progress: 15000/192892  ok=15000  errors=0
  progress: 15500/192892  ok=15500  errors=0
  progress: 16000/192892  ok=16000  errors=0
  progress: 16500/192892  ok=16500  errors=0
  progress: 17000/192892  ok=17000  errors=0
  progress: 17500/192892  ok=17500  errors=0
  progress: 18000/192892  ok=18000  errors=0
  progress: 18500/192892  ok=18500  errors=0
  progress: 19000/192892  ok=19000  errors=0
  progress: 19500/192892  ok=19500  errors=0
  progress: 20000/192892  ok=20000  errors=0
  progress: 20500/192892  ok=20500  errors=0
  progress: 21000/192892  ok=21000  errors=0
  progress: 21500/192892  ok=21500  errors=0
  progress: 22000/192892  ok=22000  errors=0
  progress: 22500/192892  ok=22500  errors=0
  progress: 23000/192892  ok=23000  errors=0
  progress: 23500/192892  ok=23500  errors=0
  progress: 24000/192892  ok=24000  errors=0
  progress: 24500/192892  ok=24500  errors=0
  progress: 25000/192892  ok=25000  errors=0
  progress: 25500/192892  ok=25500  errors=0
  progress: 26000/192892  ok=26000  errors=0
  progress: 26500/192892  ok=26500  errors=0
  progress: 27000/192892  ok=27000  errors=0
  progress: 27500/192892  ok=27500  errors=0
  progress: 28000/192892  ok=28000  errors=0
  progress: 28500/192892  ok=28500  errors=0
  progress: 29000/192892  ok=29000  errors=0
  progress: 29500/192892  ok=29500  errors=0
  progress: 30000/192892  ok=30000  errors=0
  progress: 30500/192892  ok=30500  errors=0
  progress: 31000/192892  ok=31000  errors=0
  progress: 31500/192892  ok=31500  errors=0
  progress: 32000/192892  ok=32000  errors=0
  progress: 32500/192892  ok=32500  errors=0
  progress: 33000/192892  ok=33000  errors=0
  progress: 33500/192892  ok=33500  errors=0
  progress: 34000/192892  ok=34000  errors=0
  progress: 34500/192892  ok=34500  errors=0
  progress: 35000/192892  ok=35000  errors=0
  progress: 35500/192892  ok=35500  errors=0
  progress: 36000/192892  ok=36000  errors=0
  progress: 36500/192892  ok=36500  errors=0
  progress: 37000/192892  ok=37000  errors=0
  progress: 37500/192892  ok=37500  errors=0
  progress: 38000/192892  ok=38000  errors=0
  progress: 38500/192892  ok=38500  errors=0
  progress: 39000/192892  ok=39000  errors=0
  progress: 39500/192892  ok=39500  errors=0
  progress: 40000/192892  ok=40000  errors=0
  progress: 40500/192892  ok=40500  errors=0
  progress: 41000/192892  ok=41000  errors=0
  progress: 41500/192892  ok=41500  errors=0
  progress: 42000/192892  ok=42000  errors=0
  progress: 42500/192892  ok=42500  errors=0
  progress: 43000/192892  ok=43000  errors=0
  progress: 43500/192892  ok=43500  errors=0
  progress: 44000/192892  ok=44000  errors=0
  progress: 44500/192892  ok=44500  errors=0
  progress: 45000/192892  ok=45000  errors=0
  progress: 45500/192892  ok=45500  errors=0
  progress: 46000/192892  ok=46000  errors=0
  progress: 46500/192892  ok=46500  errors=0
  progress: 47000/192892  ok=47000  errors=0
  progress: 47500/192892  ok=47500  errors=0
  progress: 48000/192892  ok=48000  errors=0
  progress: 48500/192892  ok=48500  errors=0
  progress: 49000/192892  ok=49000  errors=0
  progress: 49500/192892  ok=49500  errors=0
  progress: 50000/192892  ok=50000  errors=0
  progress: 50500/192892  ok=50500  errors=0
  progress: 51000/192892  ok=51000  errors=0
  progress: 51500/192892  ok=51500  errors=0
  progress: 52000/192892  ok=52000  errors=0
  progress: 52500/192892  ok=52500  errors=0
  progress: 53000/192892  ok=53000  errors=0
  progress: 53500/192892  ok=53500  errors=0
  progress: 54000/192892  ok=54000  errors=0
  progress: 54500/192892  ok=54500  errors=0
  progress: 55000/192892  ok=55000  errors=0
  progress: 55500/192892  ok=55500  errors=0
  progress: 56000/192892  ok=56000  errors=0
  progress: 56500/192892  ok=56500  errors=0
  progress: 57000/192892  ok=57000  errors=0
  progress: 57500/192892  ok=57500  errors=0
  progress: 58000/192892  ok=58000  errors=0
  progress: 58500/192892  ok=58500  errors=0
  progress: 59000/192892  ok=59000  errors=0
  progress: 59500/192892  ok=59500  errors=0
  progress: 60000/192892  ok=60000  errors=0
  progress: 60500/192892  ok=60500  errors=0
  progress: 61000/192892  ok=61000  errors=0
  progress: 61500/192892  ok=61500  errors=0
  progress: 62000/192892  ok=62000  errors=0
  progress: 62500/192892  ok=62500  errors=0
  progress: 63000/192892  ok=63000  errors=0
  progress: 63500/192892  ok=63500  errors=0
  progress: 64000/192892  ok=64000  errors=0
  progress: 64500/192892  ok=64500  errors=0
  progress: 65000/192892  ok=65000  errors=0
  progress: 65500/192892  ok=65500  errors=0
  progress: 66000/192892  ok=66000  errors=0
  progress: 66500/192892  ok=66500  errors=0
  progress: 67000/192892  ok=67000  errors=0
  progress: 67500/192892  ok=67500  errors=0
  progress: 68000/192892  ok=68000  errors=0
  progress: 68500/192892  ok=68500  errors=0
  progress: 69000/192892  ok=69000  errors=0
  progress: 69500/192892  ok=69500  errors=0
  progress: 70000/192892  ok=70000  errors=0
  progress: 70500/192892  ok=70500  errors=0
  progress: 71000/192892  ok=71000  errors=0
  progress: 71500/192892  ok=71500  errors=0
  progress: 72000/192892  ok=72000  errors=0
  progress: 72500/192892  ok=72500  errors=0
  progress: 73000/192892  ok=73000  errors=0
  progress: 73500/192892  ok=73500  errors=0
  progress: 74000/192892  ok=74000  errors=0
  progress: 74500/192892  ok=74500  errors=0
  progress: 75000/192892  ok=75000  errors=0
  progress: 75500/192892  ok=75500  errors=0
  progress: 76000/192892  ok=76000  errors=0
  progress: 76500/192892  ok=76500  errors=0
  progress: 77000/192892  ok=77000  errors=0
  progress: 77500/192892  ok=77500  errors=0
  progress: 78000/192892  ok=78000  errors=0
  progress: 78500/192892  ok=78500  errors=0
  progress: 79000/192892  ok=79000  errors=0
  progress: 79500/192892  ok=79500  errors=0
  progress: 80000/192892  ok=80000  errors=0
  progress: 80500/192892  ok=80500  errors=0
  progress: 81000/192892  ok=81000  errors=0
  progress: 81500/192892  ok=81500  errors=0
  progress: 82000/192892  ok=82000  errors=0
  progress: 82500/192892  ok=82500  errors=0
  progress: 83000/192892  ok=83000  errors=0
  progress: 83500/192892  ok=83500  errors=0
  progress: 84000/192892  ok=84000  errors=0
  progress: 84500/192892  ok=84500  errors=0
  progress: 85000/192892  ok=85000  errors=0
  progress: 85500/192892  ok=85500  errors=0
  progress: 86000/192892  ok=86000  errors=0
  progress: 86500/192892  ok=86500  errors=0
  progress: 87000/192892  ok=87000  errors=0
  progress: 87500/192892  ok=87500  errors=0
  progress: 88000/192892  ok=88000  errors=0
  progress: 88500/192892  ok=88500  errors=0
  progress: 89000/192892  ok=89000  errors=0
  progress: 89500/192892  ok=89500  errors=0
  progress: 90000/192892  ok=90000  errors=0
  progress: 90500/192892  ok=90500  errors=0
  progress: 91000/192892  ok=91000  errors=0
  progress: 91500/192892  ok=91500  errors=0
  progress: 92000/192892  ok=92000  errors=0
  progress: 92500/192892  ok=92500  errors=0
  progress: 93000/192892  ok=93000  errors=0
  progress: 93500/192892  ok=93500  errors=0
  progress: 94000/192892  ok=94000  errors=0
  progress: 94500/192892  ok=94500  errors=0
  progress: 95000/192892  ok=95000  errors=0
  progress: 95500/192892  ok=95500  errors=0
  progress: 96000/192892  ok=96000  errors=0
  progress: 96500/192892  ok=96500  errors=0
  progress: 97000/192892  ok=97000  errors=0
  progress: 97500/192892  ok=97500  errors=0
  progress: 98000/192892  ok=98000  errors=0
  progress: 98500/192892  ok=98500  errors=0
  progress: 99000/192892  ok=99000  errors=0
  progress: 99500/192892  ok=99500  errors=0
  progress: 100000/192892  ok=100000  errors=0
  progress: 100500/192892  ok=100500  errors=0
  progress: 101000/192892  ok=101000  errors=0
  progress: 101500/192892  ok=101500  errors=0
  progress: 102000/192892  ok=102000  errors=0
  progress: 102500/192892  ok=102500  errors=0
  progress: 103000/192892  ok=103000  errors=0
  progress: 103500/192892  ok=103500  errors=0
  progress: 104000/192892  ok=104000  errors=0
  progress: 104500/192892  ok=104500  errors=0
  progress: 105000/192892  ok=105000  errors=0
  progress: 105500/192892  ok=105500  errors=0
  progress: 106000/192892  ok=106000  errors=0
  progress: 106500/192892  ok=106500  errors=0
  progress: 107000/192892  ok=107000  errors=0
  progress: 107500/192892  ok=107500  errors=0
  progress: 108000/192892  ok=108000  errors=0
  progress: 108500/192892  ok=108500  errors=0
  progress: 109000/192892  ok=109000  errors=0
  progress: 109500/192892  ok=109500  errors=0
  progress: 110000/192892  ok=110000  errors=0
  progress: 110500/192892  ok=110500  errors=0
  progress: 111000/192892  ok=111000  errors=0
  progress: 111500/192892  ok=111500  errors=0
  progress: 112000/192892  ok=112000  errors=0
  progress: 112500/192892  ok=112500  errors=0
  progress: 113000/192892  ok=113000  errors=0
  progress: 113500/192892  ok=113500  errors=0
  progress: 114000/192892  ok=114000  errors=0
  progress: 114500/192892  ok=114500  errors=0
  progress: 115000/192892  ok=115000  errors=0
  progress: 115500/192892  ok=115500  errors=0
  progress: 116000/192892  ok=116000  errors=0
  progress: 116500/192892  ok=116500  errors=0
  progress: 117000/192892  ok=117000  errors=0
  progress: 117500/192892  ok=117500  errors=0
  progress: 118000/192892  ok=118000  errors=0
  progress: 118500/192892  ok=118500  errors=0
  progress: 119000/192892  ok=119000  errors=0
  progress: 119500/192892  ok=119500  errors=0
  progress: 120000/192892  ok=120000  errors=0
  progress: 120500/192892  ok=120500  errors=0
  progress: 121000/192892  ok=121000  errors=0
  progress: 121500/192892  ok=121500  errors=0
  progress: 122000/192892  ok=122000  errors=0
  progress: 122500/192892  ok=122500  errors=0
  progress: 123000/192892  ok=123000  errors=0
  progress: 123500/192892  ok=123500  errors=0
  progress: 124000/192892  ok=124000  errors=0
  progress: 124500/192892  ok=124500  errors=0
  progress: 125000/192892  ok=125000  errors=0
  progress: 125500/192892  ok=125500  errors=0
  progress: 126000/192892  ok=126000  errors=0
  progress: 126500/192892  ok=126500  errors=0
  progress: 127000/192892  ok=127000  errors=0
  progress: 127500/192892  ok=127500  errors=0
  progress: 128000/192892  ok=128000  errors=0
  progress: 128500/192892  ok=128500  errors=0
  progress: 129000/192892  ok=129000  errors=0
  progress: 129500/192892  ok=129500  errors=0
  progress: 130000/192892  ok=130000  errors=0
  progress: 130500/192892  ok=130500  errors=0
  progress: 131000/192892  ok=131000  errors=0
  progress: 131500/192892  ok=131500  errors=0
  progress: 132000/192892  ok=132000  errors=0
  progress: 132500/192892  ok=132500  errors=0
  progress: 133000/192892  ok=133000  errors=0
  progress: 133500/192892  ok=133500  errors=0
  progress: 134000/192892  ok=134000  errors=0
  progress: 134500/192892  ok=134500  errors=0
  progress: 135000/192892  ok=135000  errors=0
  progress: 135500/192892  ok=135500  errors=0
  progress: 136000/192892  ok=136000  errors=0
  progress: 136500/192892  ok=136500  errors=0
  progress: 137000/192892  ok=137000  errors=0
  progress: 137500/192892  ok=137500  errors=0
  progress: 138000/192892  ok=138000  errors=0
  progress: 138500/192892  ok=138500  errors=0
  progress: 139000/192892  ok=139000  errors=0
  progress: 139500/192892  ok=139500  errors=0
  progress: 140000/192892  ok=140000  errors=0
  progress: 140500/192892  ok=140500  errors=0
  progress: 141000/192892  ok=141000  errors=0
  progress: 141500/192892  ok=141500  errors=0
  progress: 142000/192892  ok=142000  errors=0
  progress: 142500/192892  ok=142500  errors=0
  progress: 143000/192892  ok=143000  errors=0
  progress: 143500/192892  ok=143500  errors=0
  progress: 144000/192892  ok=144000  errors=0
  progress: 144500/192892  ok=144500  errors=0
  progress: 145000/192892  ok=145000  errors=0
  progress: 145500/192892  ok=145500  errors=0
  progress: 146000/192892  ok=146000  errors=0
  progress: 146500/192892  ok=146500  errors=0
  progress: 147000/192892  ok=147000  errors=0
  progress: 147500/192892  ok=147500  errors=0
  progress: 148000/192892  ok=148000  errors=0
  progress: 148500/192892  ok=148500  errors=0
  progress: 149000/192892  ok=149000  errors=0
  progress: 149500/192892  ok=149500  errors=0
  progress: 150000/192892  ok=150000  errors=0
  [err] inst-089386_v3.ll: Traceback (most recent call last):
  File "/tests/simspect/STAGE2_compilation/compile_annotate.py", line 357, in <module>
    main()
  File "/tests/simspect/STAGE2_compilation/compile_annotate.py", li
  [err] inst-089387_v2.ll: warning: overriding the module target triple with x86_64-unknown-linux-gnu [-Woverride-module]
fatal error: error in backend: IO failure on output stream: No space left on device
PLEASE submit a bug r
  progress: 150500/192892  ok=150498  errors=2
  [err] inst-089416_v1.ll: Traceback (most recent call last):
  File "/tests/simspect/STAGE2_compilation/compile_annotate.py", line 357, in <module>
    main()
  File "/tests/simspect/STAGE2_compilation/compile_annotate.py", li
  [err] inst-089416_v3.ll: warning: overriding the module target triple with x86_64-unknown-linux-gnu [-Woverride-module]
fatal error: error in backend: IO failure on output stream: No space left on device
PLEASE submit a bug r
  [err] inst-089418_v0.ll: warning: overriding the module target triple with x86_64-unknown-linux-gnu [-Woverride-module]
fatal error: error in backend: IO failure on output stream: No space left on device
PLEASE submit a bug r
  [err] inst-089417_v1.ll: warning: overriding the module target triple with x86_64-unknown-linux-gnu [-Woverride-module]
fatal error: error in backend: IO failure on output stream: No space left on device
PLEASE submit a bug r
  [err] inst-089417_v3.ll: Traceback (most recent call last):
  File "/tests/simspect/STAGE2_compilation/compile_annotate.py", line 357, in <module>
    main()
  File "/tests/simspect/STAGE2_compilation/compile_annotate.py", li
  [err] inst-089420_v0.ll: warning: overriding the module target triple with x86_64-unknown-linux-gnu [-Woverride-module]
fatal error: error in backend: IO failure on output stream: No space left on device
PLEASE submit a bug r
  [err] inst-089417_v0.ll: warning: overriding the module target triple with x86_64-unknown-linux-gnu [-Woverride-module]
fatal error: error in backend: IO failure on output stream: No space left on device
PLEASE submit a bug r
  [err] inst-089416_v2.ll: warning: overriding the module target triple with x86_64-unknown-linux-gnu [-Woverride-module]
fatal error: error in backend: IO failure on output stream: No space left on device
PLEASE submit a bug r
  [err] inst-089418_v1.ll: warning: overriding the module target triple with x86_64-unknown-linux-gnu [-Woverride-module]
fatal error: error in backend: IO failure on output stream: No space left on device
PLEASE submit a bug r
  [err] inst-089417_v2.ll: warning: overriding the module target triple with x86_64-unknown-linux-gnu [-Woverride-module]
fatal error: error in backend: IO failure on output stream: No space left on device
PLEASE submit a bug r
  [err] inst-089419_v3.ll: warning: overriding the module target triple with x86_64-unknown-linux-gnu [-Woverride-module]
fatal error: error in backend: IO failure on output stream: No space left on device
PLEASE submit a bug r
  [err] inst-089418_v2.ll: warning: overriding the module target triple with x86_64-unknown-linux-gnu [-Woverride-module]
fatal error: error in backend: IO failure on output stream: No space left on device
PLEASE submit a bug r
  [err] inst-089418_v3.ll: warning: overriding the module target triple with x86_64-unknown-linux-gnu [-Woverride-module]
fatal error: error in backend: IO failure on output stream: No space left on device
PLEASE submit a bug r
  [err] inst-089419_v2.ll: warning: overriding the module target triple with x86_64-unknown-linux-gnu [-Woverride-module]
fatal error: error in backend: IO failure on output stream: No space left on device
PLEASE submit a bug r
  [err] inst-089419_v0.ll: warning: overriding the module target triple with x86_64-unknown-linux-gnu [-Woverride-module]
fatal error: error in backend: IO failure on output stream: No space left on device
PLEASE submit a bug r
  progress: 151000/192892  ok=150983  errors=17
  [err] inst-089639_v2.ll: Traceback (most recent call last):
  File "/tests/simspect/STAGE2_compilation/compile_annotate.py", line 357, in <module>
    main()
  File "/tests/simspect/STAGE2_compilation/compile_annotate.py", li
  [err] inst-089640_v2.ll: warning: overriding the module target triple with x86_64-unknown-linux-gnu [-Woverride-module]
fatal error: error in backend: IO failure on output stream: No space left on device
PLEASE submit a bug r
  progress: 151500/192892  ok=151481  errors=19
  [err] inst-089688_v2.ll: Traceback (most recent call last):
  File "/tests/simspect/STAGE2_compilation/compile_annotate.py", line 357, in <module>
    main()
  File "/tests/simspect/STAGE2_compilation/compile_annotate.py", li
  [err] (suppressing further per-file errors)
  progress: 152000/192892  ok=151951  errors=49
  progress: 152500/192892  ok=152421  errors=79
  progress: 153000/192892  ok=152876  errors=124
  progress: 153500/192892  ok=153337  errors=163
  progress: 154000/192892  ok=153837  errors=163
  progress: 154500/192892  ok=154337  errors=163
  progress: 155000/192892  ok=154837  errors=163
  progress: 155500/192892  ok=155337  errors=163
  progress: 156000/192892  ok=155837  errors=163
  progress: 156500/192892  ok=156297  errors=203
  progress: 157000/192892  ok=156725  errors=275
  progress: 157500/192892  ok=157138  errors=362
  progress: 158000/192892  ok=157492  errors=508
  progress: 158500/192892  ok=157902  errors=598
  progress: 159000/192892  ok=158041  errors=959
  progress: 159500/192892  ok=158041  errors=1459
  progress: 160000/192892  ok=158041  errors=1959
  progress: 160500/192892  ok=158041  errors=2459
  progress: 161000/192892  ok=158041  errors=2959
  progress: 161500/192892  ok=158041  errors=3459
  progress: 162000/192892  ok=158041  errors=3959
  progress: 162500/192892  ok=158041  errors=4459
  progress: 163000/192892  ok=158041  errors=4959
  progress: 163500/192892  ok=158041  errors=5459
  progress: 164000/192892  ok=158041  errors=5959
  progress: 164500/192892  ok=158041  errors=6459
  progress: 165000/192892  ok=158238  errors=6762
  progress: 165500/192892  ok=158670  errors=6830
  progress: 166000/192892  ok=158716  errors=7284
  progress: 166500/192892  ok=158716  errors=7784
  progress: 167000/192892  ok=158716  errors=8284
  progress: 167500/192892  ok=158716  errors=8784
  progress: 168000/192892  ok=158716  errors=9284
  progress: 168500/192892  ok=158791  errors=9709
  progress: 169000/192892  ok=159291  errors=9709
  progress: 169500/192892  ok=159788  errors=9712
  progress: 170000/192892  ok=160288  errors=9712
  progress: 170500/192892  ok=160788  errors=9712
  progress: 171000/192892  ok=161288  errors=9712
  progress: 171500/192892  ok=161534  errors=9966
  progress: 172000/192892  ok=161534  errors=10466
  progress: 172500/192892  ok=161534  errors=10966
  progress: 173000/192892  ok=161534  errors=11466
  progress: 173500/192892  ok=161534  errors=11966
  progress: 174000/192892  ok=161534  errors=12466
  progress: 174500/192892  ok=161534  errors=12966
  progress: 175000/192892  ok=161534  errors=13466
  progress: 175500/192892  ok=161534  errors=13966
  progress: 176000/192892  ok=161534  errors=14466
  progress: 176500/192892  ok=161534  errors=14966
  progress: 177000/192892  ok=161534  errors=15466
  progress: 177500/192892  ok=161534  errors=15966
  progress: 178000/192892  ok=161534  errors=16466
  progress: 178500/192892  ok=161534  errors=16966
  progress: 179000/192892  ok=161534  errors=17466
  progress: 179500/192892  ok=161534  errors=17966
  progress: 180000/192892  ok=161534  errors=18466
  progress: 180500/192892  ok=161534  errors=18966
  progress: 181000/192892  ok=161534  errors=19466
  progress: 181500/192892  ok=161534  errors=19966
  progress: 182000/192892  ok=161534  errors=20466
  progress: 182500/192892  ok=161534  errors=20966
  progress: 183000/192892  ok=161534  errors=21466
  progress: 183500/192892  ok=161534  errors=21966
  progress: 184000/192892  ok=161534  errors=22466
  progress: 184500/192892  ok=161534  errors=22966
  progress: 185000/192892  ok=161534  errors=23466
  progress: 185500/192892  ok=161534  errors=23966
  progress: 186000/192892  ok=161534  errors=24466
  progress: 186500/192892  ok=161534  errors=24966
  progress: 187000/192892  ok=161534  errors=25466
  progress: 187500/192892  ok=161534  errors=25966
  progress: 188000/192892  ok=161534  errors=26466
  progress: 188500/192892  ok=161534  errors=26966
  progress: 189000/192892  ok=161534  errors=27466
  progress: 189500/192892  ok=161534  errors=27966
  progress: 190000/192892  ok=161534  errors=28466
  progress: 190500/192892  ok=161974  errors=28526
  progress: 191000/192892  ok=162474  errors=28526
  progress: 191500/192892  ok=162974  errors=28526
  progress: 192000/192892  ok=163474  errors=28526
  progress: 192500/192892  ok=163974  errors=28526
[asm] Done — 164366 compiled, 28526 errors
