[xml] xml/ already has 250000 instances — skipping (pass --force to re-enumerate)
[llvm] All 250000 .ll files already generated — skipping
[llvm] [mispredict_taken] Generating LLVM IR for 633/250000 instances …
[llvm] Done — 250000/250000 .ll files

=== streaming asm+gem5 [mispredict_not_taken] ===
[stream] 2000000 total  (0 compiled, 2000000 remaining) — streaming compile→gem5 in batches of 1000
  compiled 1000/2000000  (1000 new)  →  gem5 ...
    hits this batch: 29
  compiled 2000/2000000  (1000 new)  →  gem5 ...
    hits this batch: 58
  compiled 3000/2000000  (1000 new)  →  gem5 ...
    hits this batch: 49
  compiled 4000/2000000  (1000 new)  →  gem5 ...
    hits this batch: 74
  compiled 5000/2000000  (1000 new)  →  gem5 ...
    hits this batch: 90
  compiled 6000/2000000  (1000 new)  →  gem5 ...
    hits this batch: 50
  compiled 7000/2000000  (1000 new)  →  gem5 ...
    hits this batch: 36
  compiled 8000/2000000  (1000 new)  →  gem5 ...
    hits this batch: 49
  compiled 9000/2000000  (1000 new)  →  gem5 ...
    hits this batch: 31
  compiled 10000/2000000  (1000 new)  →  gem5 ...
    hits this batch: 32
  compiled 11000/2000000  (1000 new)  →  gem5 ...
    hits this batch: 41
  compiled 12000/2000000  (1000 new)  →  gem5 ...
    hits this batch: 35
  compiled 13000/2000000  (1000 new)  →  gem5 ...
    hits this batch: 41
  compiled 14000/2000000  (1000 new)  →  gem5 ...
    hits this batch: 26
  compiled 15000/2000000  (1000 new)  →  gem5 ...
    hits this batch: 24
  compiled 16000/2000000  (1000 new)  →  gem5 ...
    hits this batch: 25
  compiled 17000/2000000  (1000 new)  →  gem5 ...
    hits this batch: 27
  compiled 18000/2000000  (1000 new)  →  gem5 ...
    hits this batch: 25
  compiled 19000/2000000  (1000 new)  →  gem5 ...
    hits this batch: 29
  compiled 20000/2000000  (1000 new)  →  gem5 ...
    hits this batch: 40
  compiled 21000/2000000  (1000 new)  →  gem5 ...
    hits this batch: 26
  compiled 22000/2000000  (1000 new)  →  gem5 ...
    hits this batch: 20
  compiled 23000/2000000  (1000 new)  →  gem5 ...
    hits this batch: 37
  compiled 24000/2000000  (1000 new)  →  gem5 ...
    hits this batch: 31
  compiled 25000/2000000  (1000 new)  →  gem5 ...
    hits this batch: 23
  compiled 26000/2000000  (1000 new)  →  gem5 ...
    hits this batch: 35
  compiled 27000/2000000  (1000 new)  →  gem5 ...
    hits this batch: 23
  compiled 28000/2000000  (1000 new)  →  gem5 ...
    hits this batch: 20
  compiled 29000/2000000  (1000 new)  →  gem5 ...
    hits this batch: 26
  compiled 30000/2000000  (1000 new)  →  gem5 ...
    hits this batch: 34
  compiled 31000/2000000  (1000 new)  →  gem5 ...
    hits this batch: 32
  compiled 32000/2000000  (1000 new)  →  gem5 ...
    hits this batch: 30
  compiled 33000/2000000  (1000 new)  →  gem5 ...
    hits this batch: 27
  compiled 34000/2000000  (1000 new)  →  gem5 ...
    hits this batch: 22
  compiled 35000/2000000  (1000 new)  →  gem5 ...
    hits this batch: 28
  compiled 36000/2000000  (1000 new)  →  gem5 ...
    hits this batch: 26
  compiled 37000/2000000  (1000 new)  →  gem5 ...
    hits this batch: 36
  compiled 38000/2000000  (1000 new)  →  gem5 ...
    hits this batch: 25
  compiled 39000/2000000  (1000 new)  →  gem5 ...
    hits this batch: 40
  compiled 40000/2000000  (1000 new)  →  gem5 ...
    hits this batch: 29
  compiled 41000/2000000  (1000 new)  →  gem5 ...
    hits this batch: 20
  compiled 42000/2000000  (1000 new)  →  gem5 ...
    hits this batch: 23
  compiled 43000/2000000  (1000 new)  →  gem5 ...
    hits this batch: 32
  compiled 44000/2000000  (1000 new)  →  gem5 ...
    hits this batch: 31
  compiled 45000/2000000  (1000 new)  →  gem5 ...
    hits this batch: 40
  compiled 46000/2000000  (1000 new)  →  gem5 ...
    hits this batch: 28
  compiled 47000/2000000  (1000 new)  →  gem5 ...
    hits this batch: 24
  compiled 48000/2000000  (1000 new)  →  gem5 ...
    hits this batch: 58
  compiled 49000/2000000  (1000 new)  →  gem5 ...
    hits this batch: 73
  compiled 50000/2000000  (1000 new)  →  gem5 ...
    hits this batch: 61
  compiled 51000/2000000  (1000 new)  →  gem5 ...
    hits this batch: 47
  compiled 52000/2000000  (1000 new)  →  gem5 ...
    hits this batch: 75
  compiled 53000/2000000  (1000 new)  →  gem5 ...
    hits this batch: 44
  compiled 54000/2000000  (1000 new)  →  gem5 ...
    hits this batch: 52
  compiled 55000/2000000  (1000 new)  →  gem5 ...
    hits this batch: 42
  compiled 56000/2000000  (1000 new)  →  gem5 ...
    hits this batch: 50
  compiled 57000/2000000  (1000 new)  →  gem5 ...
    hits this batch: 63
  compiled 58000/2000000  (1000 new)  →  gem5 ...
    hits this batch: 61
  compiled 59000/2000000  (1000 new)  →  gem5 ...
    hits this batch: 69
  compiled 60000/2000000  (1000 new)  →  gem5 ...
    hits this batch: 67
  compiled 61000/2000000  (1000 new)  →  gem5 ...
    hits this batch: 61
  compiled 62000/2000000  (1000 new)  →  gem5 ...
    hits this batch: 91
  compiled 63000/2000000  (1000 new)  →  gem5 ...
    hits this batch: 49
  compiled 64000/2000000  (1000 new)  →  gem5 ...
    hits this batch: 67
  compiled 65000/2000000  (1000 new)  →  gem5 ...
    hits this batch: 60
  compiled 66000/2000000  (1000 new)  →  gem5 ...
    hits this batch: 63
  compiled 67000/2000000  (1000 new)  →  gem5 ...
    hits this batch: 75
  compiled 68000/2000000  (1000 new)  →  gem5 ...
    hits this batch: 46
  compiled 69000/2000000  (1000 new)  →  gem5 ...
    hits this batch: 20
  compiled 70000/2000000  (1000 new)  →  gem5 ...
    hits this batch: 17
  compiled 71000/2000000  (1000 new)  →  gem5 ...
    hits this batch: 25
  compiled 72000/2000000  (1000 new)  →  gem5 ...
    hits this batch: 77
  compiled 73000/2000000  (1000 new)  →  gem5 ...
    hits this batch: 44
  compiled 74000/2000000  (1000 new)  →  gem5 ...
    hits this batch: 70
  compiled 75000/2000000  (1000 new)  →  gem5 ...
    hits this batch: 63
  compiled 76000/2000000  (1000 new)  →  gem5 ...
    hits this batch: 61
  compiled 77000/2000000  (1000 new)  →  gem5 ...
    hits this batch: 36
  compiled 78000/2000000  (1000 new)  →  gem5 ...
    hits this batch: 49
  compiled 79000/2000000  (1000 new)  →  gem5 ...
    hits this batch: 28
  compiled 80000/2000000  (1000 new)  →  gem5 ...
    hits this batch: 21
  compiled 81000/2000000  (1000 new)  →  gem5 ...
    hits this batch: 16
  compiled 82000/2000000  (1000 new)  →  gem5 ...
    hits this batch: 16
  compiled 83000/2000000  (1000 new)  →  gem5 ...
    hits this batch: 8
  compiled 84000/2000000  (1000 new)  →  gem5 ...
    hits this batch: 12
  compiled 85000/2000000  (1000 new)  →  gem5 ...
    hits this batch: 37
  compiled 86000/2000000  (1000 new)  →  gem5 ...
    hits this batch: 71
  compiled 87000/2000000  (1000 new)  →  gem5 ...
    hits this batch: 53
  compiled 88000/2000000  (1000 new)  →  gem5 ...
    hits this batch: 73
  compiled 89000/2000000  (1000 new)  →  gem5 ...
    hits this batch: 53
  compiled 90000/2000000  (1000 new)  →  gem5 ...
    hits this batch: 58
  compiled 91000/2000000  (1000 new)  →  gem5 ...
    hits this batch: 69
  compiled 92000/2000000  (1000 new)  →  gem5 ...
    hits this batch: 63
  compiled 93000/2000000  (1000 new)  →  gem5 ...
    hits this batch: 71
  compiled 94000/2000000  (1000 new)  →  gem5 ...
    hits this batch: 46
  compiled 95000/2000000  (1000 new)  →  gem5 ...
    hits this batch: 43
  compiled 96000/2000000  (1000 new)  →  gem5 ...
    hits this batch: 55
  compiled 97000/2000000  (1000 new)  →  gem5 ...
    hits this batch: 46
  compiled 98000/2000000  (1000 new)  →  gem5 ...
    hits this batch: 53
  compiled 99000/2000000  (1000 new)  →  gem5 ...
    hits this batch: 38
  compiled 100000/2000000  (1000 new)  →  gem5 ...
    hits this batch: 25
  compiled 101000/2000000  (1000 new)  →  gem5 ...
    hits this batch: 25
  compiled 102000/2000000  (1000 new)  →  gem5 ...
    hits this batch: 59
  compiled 103000/2000000  (1000 new)  →  gem5 ...
    hits this batch: 36
  compiled 104000/2000000  (1000 new)  →  gem5 ...
    hits this batch: 18
  compiled 105000/2000000  (1000 new)  →  gem5 ...
    hits this batch: 28
  compiled 106000/2000000  (1000 new)  →  gem5 ...
    hits this batch: 26
  compiled 107000/2000000  (1000 new)  →  gem5 ...
    hits this batch: 43
  compiled 108000/2000000  (1000 new)  →  gem5 ...
    hits this batch: 92
  compiled 109000/2000000  (1000 new)  →  gem5 ...
    hits this batch: 36
  compiled 110000/2000000  (1000 new)  →  gem5 ...
    hits this batch: 55
  compiled 111000/2000000  (1000 new)  →  gem5 ...
    hits this batch: 45
  compiled 112000/2000000  (1000 new)  →  gem5 ...
    hits this batch: 18
  compiled 113000/2000000  (1000 new)  →  gem5 ...
    hits this batch: 50
  compiled 114000/2000000  (1000 new)  →  gem5 ...
    hits this batch: 47
  compiled 115000/2000000  (1000 new)  →  gem5 ...
    hits this batch: 41
  compiled 116000/2000000  (1000 new)  →  gem5 ...
    hits this batch: 37
  compiled 117000/2000000  (1000 new)  →  gem5 ...
    hits this batch: 25
  compiled 118000/2000000  (1000 new)  →  gem5 ...
    hits this batch: 28
  compiled 119000/2000000  (1000 new)  →  gem5 ...
    hits this batch: 39
  compiled 120000/2000000  (1000 new)  →  gem5 ...
    hits this batch: 26
  compiled 121000/2000000  (1000 new)  →  gem5 ...
    hits this batch: 24
  compiled 122000/2000000  (1000 new)  →  gem5 ...
    hits this batch: 36
  compiled 123000/2000000  (1000 new)  →  gem5 ...
    hits this batch: 23
  compiled 124000/2000000  (1000 new)  →  gem5 ...
    hits this batch: 40
  compiled 125000/2000000  (1000 new)  →  gem5 ...
    hits this batch: 28
  compiled 126000/2000000  (1000 new)  →  gem5 ...
    hits this batch: 27
  compiled 127000/2000000  (1000 new)  →  gem5 ...
    hits this batch: 29
  compiled 128000/2000000  (1000 new)  →  gem5 ...
    hits this batch: 38
  compiled 129000/2000000  (1000 new)  →  gem5 ...
    hits this batch: 29
  compiled 130000/2000000  (1000 new)  →  gem5 ...
    hits this batch: 32
  compiled 131000/2000000  (1000 new)  →  gem5 ...
    hits this batch: 27
  compiled 132000/2000000  (1000 new)  →  gem5 ...
    hits this batch: 26
  compiled 133000/2000000  (1000 new)  →  gem5 ...
    hits this batch: 32
  compiled 134000/2000000  (1000 new)  →  gem5 ...
    hits this batch: 40
  compiled 135000/2000000  (1000 new)  →  gem5 ...
    hits this batch: 40
  compiled 136000/2000000  (1000 new)  →  gem5 ...
    hits this batch: 80
  compiled 137000/2000000  (1000 new)  →  gem5 ...
    hits this batch: 67
  compiled 138000/2000000  (1000 new)  →  gem5 ...
    hits this batch: 48
  compiled 139000/2000000  (1000 new)  →  gem5 ...
    hits this batch: 49
  compiled 140000/2000000  (1000 new)  →  gem5 ...
    hits this batch: 52
  compiled 141000/2000000  (1000 new)  →  gem5 ...
    hits this batch: 68
  compiled 142000/2000000  (1000 new)  →  gem5 ...
    hits this batch: 86
  compiled 143000/2000000  (1000 new)  →  gem5 ...
    hits this batch: 52
  compiled 144000/2000000  (1000 new)  →  gem5 ...
    hits this batch: 49
  compiled 145000/2000000  (1000 new)  →  gem5 ...
    hits this batch: 99
  compiled 146000/2000000  (1000 new)  →  gem5 ...
    hits this batch: 54
  compiled 147000/2000000  (1000 new)  →  gem5 ...
    hits this batch: 48
  compiled 148000/2000000  (1000 new)  →  gem5 ...
    hits this batch: 48
  compiled 149000/2000000  (1000 new)  →  gem5 ...
    hits this batch: 53
  compiled 150000/2000000  (1000 new)  →  gem5 ...
    hits this batch: 64
  compiled 151000/2000000  (1000 new)  →  gem5 ...
    hits this batch: 58
  compiled 152000/2000000  (1000 new)  →  gem5 ...
    hits this batch: 50
  compiled 153000/2000000  (1000 new)  →  gem5 ...
    hits this batch: 63
  compiled 154000/2000000  (1000 new)  →  gem5 ...
    hits this batch: 50
  compiled 155000/2000000  (1000 new)  →  gem5 ...
    hits this batch: 75
  compiled 156000/2000000  (1000 new)  →  gem5 ...
    hits this batch: 59
  compiled 157000/2000000  (1000 new)  →  gem5 ...
    hits this batch: 47
  compiled 158000/2000000  (1000 new)  →  gem5 ...
    hits this batch: 71
  compiled 159000/2000000  (1000 new)  →  gem5 ...
    hits this batch: 63
  compiled 160000/2000000  (1000 new)  →  gem5 ...
    hits this batch: 76
  compiled 161000/2000000  (1000 new)  →  gem5 ...
    hits this batch: 59
  compiled 162000/2000000  (1000 new)  →  gem5 ...
    hits this batch: 53
  compiled 163000/2000000  (1000 new)  →  gem5 ...
    hits this batch: 58
  compiled 164000/2000000  (1000 new)  →  gem5 ...
    hits this batch: 60
  compiled 165000/2000000  (1000 new)  →  gem5 ...
    hits this batch: 57
  compiled 166000/2000000  (1000 new)  →  gem5 ...
    hits this batch: 61
  compiled 167000/2000000  (1000 new)  →  gem5 ...
    hits this batch: 118
  compiled 168000/2000000  (1000 new)  →  gem5 ...
    hits this batch: 98
  compiled 169000/2000000  (1000 new)  →  gem5 ...
    hits this batch: 84
  compiled 170000/2000000  (1000 new)  →  gem5 ...
    hits this batch: 145
  compiled 171000/2000000  (1000 new)  →  gem5 ...
    hits this batch: 102
  compiled 172000/2000000  (1000 new)  →  gem5 ...
    hits this batch: 53
  compiled 173000/2000000  (1000 new)  →  gem5 ...
    hits this batch: 82
  compiled 174000/2000000  (1000 new)  →  gem5 ...
    hits this batch: 149
  compiled 175000/2000000  (1000 new)  →  gem5 ...
    hits this batch: 125
  compiled 176000/2000000  (1000 new)  →  gem5 ...
    hits this batch: 66
  compiled 177000/2000000  (1000 new)  →  gem5 ...
    hits this batch: 100
  compiled 178000/2000000  (1000 new)  →  gem5 ...
    hits this batch: 87
  compiled 179000/2000000  (1000 new)  →  gem5 ...
    hits this batch: 101
  compiled 180000/2000000  (1000 new)  →  gem5 ...
    hits this batch: 123
  compiled 181000/2000000  (1000 new)  →  gem5 ...
    hits this batch: 125
  compiled 182000/2000000  (1000 new)  →  gem5 ...
    hits this batch: 60
  compiled 183000/2000000  (1000 new)  →  gem5 ...
    hits this batch: 125
  compiled 184000/2000000  (1000 new)  →  gem5 ...
    hits this batch: 160
  compiled 185000/2000000  (1000 new)  →  gem5 ...
    hits this batch: 169
  compiled 186000/2000000  (1000 new)  →  gem5 ...
    hits this batch: 187
  compiled 187000/2000000  (1000 new)  →  gem5 ...
    hits this batch: 195
  compiled 188000/2000000  (1000 new)  →  gem5 ...
    hits this batch: 174
  compiled 189000/2000000  (1000 new)  →  gem5 ...
    hits this batch: 162
  compiled 190000/2000000  (1000 new)  →  gem5 ...
    hits this batch: 164
  compiled 191000/2000000  (1000 new)  →  gem5 ...
