[queue] 2026-06-02 12:33:14 waiting for load < 35 (x2) before recon
[queue] 2026-06-02 12:33:14 load=40 >= 35  (waiting)
[queue] 2026-06-02 12:38:14 load=36 >= 35  (waiting)
[queue] 2026-06-02 12:43:14 load=25 < 35  (1/2)
[queue] 2026-06-02 12:48:14 load=44 >= 35  (waiting)
[queue] 2026-06-02 12:53:14 load=43 >= 35  (waiting)
[queue] 2026-06-02 12:58:14 load=44 >= 35  (waiting)
[queue] 2026-06-02 13:03:14 load=31 < 35  (1/2)
[queue] 2026-06-02 13:08:14 load=54 >= 35  (waiting)
[queue] 2026-06-02 13:13:14 load=53 >= 35  (waiting)
[queue] 2026-06-02 13:18:14 load=69 >= 35  (waiting)
[queue] 2026-06-02 13:23:14 load=51 >= 35  (waiting)
[queue] 2026-06-02 13:28:14 load=35 >= 35  (waiting)
[queue] 2026-06-02 13:33:14 load=42 >= 35  (waiting)
[queue] 2026-06-02 13:38:15 load=51 >= 35  (waiting)
[queue] 2026-06-02 13:43:15 load=45 >= 35  (waiting)
[queue] 2026-06-02 13:48:15 load=39 >= 35  (waiting)
[queue] 2026-06-02 13:53:15 load=39 >= 35  (waiting)
[queue] 2026-06-02 13:58:15 load=55 >= 35  (waiting)
[queue] 2026-06-02 14:03:15 load=41 >= 35  (waiting)
[queue] 2026-06-02 14:08:15 load=42 >= 35  (waiting)
[queue] 2026-06-02 14:13:15 load=40 >= 35  (waiting)
[queue] 2026-06-02 14:18:15 load=39 >= 35  (waiting)
[queue] 2026-06-02 14:23:15 load=44 >= 35  (waiting)
[queue] 2026-06-02 14:28:15 load=36 >= 35  (waiting)
[queue] 2026-06-02 14:33:15 load=35 >= 35  (waiting)
[queue] 2026-06-02 14:38:15 load=45 >= 35  (waiting)
[queue] 2026-06-02 14:43:15 load=40 >= 35  (waiting)
[queue] 2026-06-02 14:48:15 load=34 < 35  (1/2)
[queue] 2026-06-02 14:53:15 load=44 >= 35  (waiting)
[queue] 2026-06-02 14:58:15 load=39 >= 35  (waiting)
[queue] 2026-06-02 15:03:15 load=42 >= 35  (waiting)
[queue] 2026-06-02 15:08:15 load=39 >= 35  (waiting)
[queue] 2026-06-02 15:13:15 load=38 >= 35  (waiting)
[queue] 2026-06-02 15:18:15 load=38 >= 35  (waiting)
[queue] 2026-06-02 15:23:15 load=35 >= 35  (waiting)
[queue] 2026-06-02 15:28:15 load=41 >= 35  (waiting)
[queue] 2026-06-02 15:33:15 load=15 < 35  (1/2)
[queue] 2026-06-02 15:38:15 load=16 < 35  (2/2)
[queue] 2026-06-02 15:38:15 headroom reached — launching recon (nice 19)
[queue] recon asm-resume pid=996607
[queue] recon watcher pid=996608
[queue] 2026-06-02 15:38:15 recon launched behind priority runs.
