[provenance] /tests/simspect/testsets_latest/SPT_6_oneLP/provenance.tar.gz  (git d8b6caaf; 6 sources)
[xml] xml/ already has 200000 instances — skipping (pass --force to re-enumerate)
[llvm] [mispredict_not_taken] Generating LLVM IR for 200000/200000 instances …
[llvm] Done — 200000/200000 .ll files
[asm] Compiling 200000/200000 .ll files  (jobs=8) …
  progress: 500/200000  ok=500  errors=0
  progress: 1000/200000  ok=1000  errors=0
  progress: 1500/200000  ok=1500  errors=0
  progress: 2000/200000  ok=2000  errors=0
  progress: 2500/200000  ok=2500  errors=0
  progress: 3000/200000  ok=3000  errors=0
  progress: 3500/200000  ok=3500  errors=0
  progress: 4000/200000  ok=4000  errors=0
  progress: 4500/200000  ok=4500  errors=0
  progress: 5000/200000  ok=5000  errors=0
  progress: 5500/200000  ok=5500  errors=0
  progress: 6000/200000  ok=6000  errors=0
  progress: 6500/200000  ok=6500  errors=0
  progress: 7000/200000  ok=7000  errors=0
  progress: 7500/200000  ok=7500  errors=0
  progress: 8000/200000  ok=8000  errors=0
  progress: 8500/200000  ok=8500  errors=0
  progress: 9000/200000  ok=9000  errors=0
  progress: 9500/200000  ok=9500  errors=0
  progress: 10000/200000  ok=10000  errors=0
  progress: 10500/200000  ok=10500  errors=0
  progress: 11000/200000  ok=11000  errors=0
  progress: 11500/200000  ok=11500  errors=0
  progress: 12000/200000  ok=12000  errors=0
  progress: 12500/200000  ok=12500  errors=0
  progress: 13000/200000  ok=13000  errors=0
  progress: 13500/200000  ok=13500  errors=0
  progress: 14000/200000  ok=14000  errors=0
  progress: 14500/200000  ok=14500  errors=0
  progress: 15000/200000  ok=15000  errors=0
  progress: 15500/200000  ok=15500  errors=0
  progress: 16000/200000  ok=16000  errors=0
  progress: 16500/200000  ok=16500  errors=0
  progress: 17000/200000  ok=17000  errors=0
  progress: 17500/200000  ok=17500  errors=0
  progress: 18000/200000  ok=18000  errors=0
  progress: 18500/200000  ok=18500  errors=0
  progress: 19000/200000  ok=19000  errors=0
  progress: 19500/200000  ok=19500  errors=0
  progress: 20000/200000  ok=20000  errors=0
  progress: 20500/200000  ok=20500  errors=0
  progress: 21000/200000  ok=21000  errors=0
  progress: 21500/200000  ok=21500  errors=0
  progress: 22000/200000  ok=22000  errors=0
  progress: 22500/200000  ok=22500  errors=0
  progress: 23000/200000  ok=23000  errors=0
  progress: 23500/200000  ok=23500  errors=0
  progress: 24000/200000  ok=24000  errors=0
  progress: 24500/200000  ok=24500  errors=0
  progress: 25000/200000  ok=25000  errors=0
  progress: 25500/200000  ok=25500  errors=0
  progress: 26000/200000  ok=26000  errors=0
  progress: 26500/200000  ok=26500  errors=0
  progress: 27000/200000  ok=27000  errors=0
  progress: 27500/200000  ok=27500  errors=0
  progress: 28000/200000  ok=28000  errors=0
  progress: 28500/200000  ok=28500  errors=0
  progress: 29000/200000  ok=29000  errors=0
  progress: 29500/200000  ok=29500  errors=0
  progress: 30000/200000  ok=30000  errors=0
  progress: 30500/200000  ok=30500  errors=0
  progress: 31000/200000  ok=31000  errors=0
  progress: 31500/200000  ok=31500  errors=0
  progress: 32000/200000  ok=32000  errors=0
  progress: 32500/200000  ok=32500  errors=0
  progress: 33000/200000  ok=33000  errors=0
  progress: 33500/200000  ok=33500  errors=0
  progress: 34000/200000  ok=34000  errors=0
  progress: 34500/200000  ok=34500  errors=0
  progress: 35000/200000  ok=35000  errors=0
  progress: 35500/200000  ok=35500  errors=0
  progress: 36000/200000  ok=36000  errors=0
  progress: 36500/200000  ok=36500  errors=0
  progress: 37000/200000  ok=37000  errors=0
  progress: 37500/200000  ok=37500  errors=0
  progress: 38000/200000  ok=38000  errors=0
  progress: 38500/200000  ok=38500  errors=0
  progress: 39000/200000  ok=39000  errors=0
  progress: 39500/200000  ok=39500  errors=0
  progress: 40000/200000  ok=40000  errors=0
  progress: 40500/200000  ok=40500  errors=0
  progress: 41000/200000  ok=41000  errors=0
  progress: 41500/200000  ok=41500  errors=0
  progress: 42000/200000  ok=42000  errors=0
  progress: 42500/200000  ok=42500  errors=0
  progress: 43000/200000  ok=43000  errors=0
  progress: 43500/200000  ok=43500  errors=0
  progress: 44000/200000  ok=44000  errors=0
  progress: 44500/200000  ok=44500  errors=0
  progress: 45000/200000  ok=45000  errors=0
  progress: 45500/200000  ok=45500  errors=0
  progress: 46000/200000  ok=46000  errors=0
  progress: 46500/200000  ok=46500  errors=0
  progress: 47000/200000  ok=47000  errors=0
  progress: 47500/200000  ok=47500  errors=0
  progress: 48000/200000  ok=48000  errors=0
  progress: 48500/200000  ok=48500  errors=0
  progress: 49000/200000  ok=49000  errors=0
  progress: 49500/200000  ok=49500  errors=0
  progress: 50000/200000  ok=50000  errors=0
  progress: 50500/200000  ok=50500  errors=0
  progress: 51000/200000  ok=51000  errors=0
  progress: 51500/200000  ok=51500  errors=0
  progress: 52000/200000  ok=52000  errors=0
  progress: 52500/200000  ok=52500  errors=0
  progress: 53000/200000  ok=53000  errors=0
  progress: 53500/200000  ok=53500  errors=0
  progress: 54000/200000  ok=54000  errors=0
  progress: 54500/200000  ok=54500  errors=0
  progress: 55000/200000  ok=55000  errors=0
  progress: 55500/200000  ok=55500  errors=0
  progress: 56000/200000  ok=56000  errors=0
  progress: 56500/200000  ok=56500  errors=0
  progress: 57000/200000  ok=57000  errors=0
  progress: 57500/200000  ok=57500  errors=0
  progress: 58000/200000  ok=58000  errors=0
  progress: 58500/200000  ok=58500  errors=0
  progress: 59000/200000  ok=59000  errors=0
  progress: 59500/200000  ok=59500  errors=0
  progress: 60000/200000  ok=60000  errors=0
  progress: 60500/200000  ok=60500  errors=0
  progress: 61000/200000  ok=61000  errors=0
  progress: 61500/200000  ok=61500  errors=0
  progress: 62000/200000  ok=62000  errors=0
  progress: 62500/200000  ok=62500  errors=0
  progress: 63000/200000  ok=63000  errors=0
  progress: 63500/200000  ok=63500  errors=0
  progress: 64000/200000  ok=64000  errors=0
  progress: 64500/200000  ok=64500  errors=0
  progress: 65000/200000  ok=65000  errors=0
  progress: 65500/200000  ok=65500  errors=0
  progress: 66000/200000  ok=66000  errors=0
  progress: 66500/200000  ok=66500  errors=0
  progress: 67000/200000  ok=67000  errors=0
  progress: 67500/200000  ok=67500  errors=0
  progress: 68000/200000  ok=68000  errors=0
  progress: 68500/200000  ok=68500  errors=0
  progress: 69000/200000  ok=69000  errors=0
  progress: 69500/200000  ok=69500  errors=0
  progress: 70000/200000  ok=70000  errors=0
  progress: 70500/200000  ok=70500  errors=0
  progress: 71000/200000  ok=71000  errors=0
  progress: 71500/200000  ok=71500  errors=0
  progress: 72000/200000  ok=72000  errors=0
  progress: 72500/200000  ok=72500  errors=0
  progress: 73000/200000  ok=73000  errors=0
  progress: 73500/200000  ok=73500  errors=0
  progress: 74000/200000  ok=74000  errors=0
  progress: 74500/200000  ok=74500  errors=0
  progress: 75000/200000  ok=75000  errors=0
  progress: 75500/200000  ok=75500  errors=0
  progress: 76000/200000  ok=76000  errors=0
  progress: 76500/200000  ok=76500  errors=0
  progress: 77000/200000  ok=77000  errors=0
  progress: 77500/200000  ok=77500  errors=0
  progress: 78000/200000  ok=78000  errors=0
  progress: 78500/200000  ok=78500  errors=0
  progress: 79000/200000  ok=79000  errors=0
  progress: 79500/200000  ok=79500  errors=0
  progress: 80000/200000  ok=80000  errors=0
  progress: 80500/200000  ok=80500  errors=0
  progress: 81000/200000  ok=81000  errors=0
  progress: 81500/200000  ok=81500  errors=0
  progress: 82000/200000  ok=82000  errors=0
  progress: 82500/200000  ok=82500  errors=0
  progress: 83000/200000  ok=83000  errors=0
  progress: 83500/200000  ok=83500  errors=0
  progress: 84000/200000  ok=84000  errors=0
  progress: 84500/200000  ok=84500  errors=0
  progress: 85000/200000  ok=85000  errors=0
  progress: 85500/200000  ok=85500  errors=0
  progress: 86000/200000  ok=86000  errors=0
  progress: 86500/200000  ok=86500  errors=0
  progress: 87000/200000  ok=87000  errors=0
  progress: 87500/200000  ok=87500  errors=0
  progress: 88000/200000  ok=88000  errors=0
  progress: 88500/200000  ok=88500  errors=0
  progress: 89000/200000  ok=89000  errors=0
  progress: 89500/200000  ok=89500  errors=0
  progress: 90000/200000  ok=90000  errors=0
  progress: 90500/200000  ok=90500  errors=0
  progress: 91000/200000  ok=91000  errors=0
  progress: 91500/200000  ok=91500  errors=0
  progress: 92000/200000  ok=92000  errors=0
  progress: 92500/200000  ok=92500  errors=0
  progress: 93000/200000  ok=93000  errors=0
  progress: 93500/200000  ok=93500  errors=0
  progress: 94000/200000  ok=94000  errors=0
  progress: 94500/200000  ok=94500  errors=0
  progress: 95000/200000  ok=95000  errors=0
  progress: 95500/200000  ok=95500  errors=0
  progress: 96000/200000  ok=96000  errors=0
  progress: 96500/200000  ok=96500  errors=0
  progress: 97000/200000  ok=97000  errors=0
  progress: 97500/200000  ok=97500  errors=0
  progress: 98000/200000  ok=98000  errors=0
  progress: 98500/200000  ok=98500  errors=0
  progress: 99000/200000  ok=99000  errors=0
  progress: 99500/200000  ok=99500  errors=0
  progress: 100000/200000  ok=100000  errors=0
  progress: 100500/200000  ok=100500  errors=0
  progress: 101000/200000  ok=101000  errors=0
  progress: 101500/200000  ok=101500  errors=0
  progress: 102000/200000  ok=102000  errors=0
  progress: 102500/200000  ok=102500  errors=0
  progress: 103000/200000  ok=103000  errors=0
  progress: 103500/200000  ok=103500  errors=0
  progress: 104000/200000  ok=104000  errors=0
  progress: 104500/200000  ok=104500  errors=0
  progress: 105000/200000  ok=105000  errors=0
  progress: 105500/200000  ok=105500  errors=0
  progress: 106000/200000  ok=106000  errors=0
  progress: 106500/200000  ok=106500  errors=0
  progress: 107000/200000  ok=107000  errors=0
  progress: 107500/200000  ok=107500  errors=0
  progress: 108000/200000  ok=108000  errors=0
  progress: 108500/200000  ok=108500  errors=0
  progress: 109000/200000  ok=109000  errors=0
  progress: 109500/200000  ok=109500  errors=0
  progress: 110000/200000  ok=110000  errors=0
  progress: 110500/200000  ok=110500  errors=0
  progress: 111000/200000  ok=111000  errors=0
  progress: 111500/200000  ok=111500  errors=0
  progress: 112000/200000  ok=112000  errors=0
  progress: 112500/200000  ok=112500  errors=0
  progress: 113000/200000  ok=113000  errors=0
  progress: 113500/200000  ok=113500  errors=0
  progress: 114000/200000  ok=114000  errors=0
  progress: 114500/200000  ok=114500  errors=0
  progress: 115000/200000  ok=115000  errors=0
  progress: 115500/200000  ok=115500  errors=0
  progress: 116000/200000  ok=116000  errors=0
  progress: 116500/200000  ok=116500  errors=0
  progress: 117000/200000  ok=117000  errors=0
  progress: 117500/200000  ok=117500  errors=0
  progress: 118000/200000  ok=118000  errors=0
  progress: 118500/200000  ok=118500  errors=0
  progress: 119000/200000  ok=119000  errors=0
  progress: 119500/200000  ok=119500  errors=0
  progress: 120000/200000  ok=120000  errors=0
  progress: 120500/200000  ok=120500  errors=0
  progress: 121000/200000  ok=121000  errors=0
  progress: 121500/200000  ok=121500  errors=0
  progress: 122000/200000  ok=122000  errors=0
  progress: 122500/200000  ok=122500  errors=0
  progress: 123000/200000  ok=123000  errors=0
  progress: 123500/200000  ok=123500  errors=0
  progress: 124000/200000  ok=124000  errors=0
  progress: 124500/200000  ok=124500  errors=0
  progress: 125000/200000  ok=125000  errors=0
  progress: 125500/200000  ok=125500  errors=0
  progress: 126000/200000  ok=126000  errors=0
  progress: 126500/200000  ok=126500  errors=0
  progress: 127000/200000  ok=127000  errors=0
  progress: 127500/200000  ok=127500  errors=0
  progress: 128000/200000  ok=128000  errors=0
  progress: 128500/200000  ok=128500  errors=0
  progress: 129000/200000  ok=129000  errors=0
  progress: 129500/200000  ok=129500  errors=0
  progress: 130000/200000  ok=130000  errors=0
  progress: 130500/200000  ok=130500  errors=0
  progress: 131000/200000  ok=131000  errors=0
  progress: 131500/200000  ok=131500  errors=0
  progress: 132000/200000  ok=132000  errors=0
  progress: 132500/200000  ok=132500  errors=0
  progress: 133000/200000  ok=133000  errors=0
  progress: 133500/200000  ok=133500  errors=0
  progress: 134000/200000  ok=134000  errors=0
  progress: 134500/200000  ok=134500  errors=0
  progress: 135000/200000  ok=135000  errors=0
  progress: 135500/200000  ok=135500  errors=0
  progress: 136000/200000  ok=136000  errors=0
  progress: 136500/200000  ok=136500  errors=0
  progress: 137000/200000  ok=137000  errors=0
  progress: 137500/200000  ok=137500  errors=0
  progress: 138000/200000  ok=138000  errors=0
  progress: 138500/200000  ok=138500  errors=0
  progress: 139000/200000  ok=139000  errors=0
  progress: 139500/200000  ok=139500  errors=0
  progress: 140000/200000  ok=140000  errors=0
  progress: 140500/200000  ok=140500  errors=0
  progress: 141000/200000  ok=141000  errors=0
  progress: 141500/200000  ok=141500  errors=0
  progress: 142000/200000  ok=142000  errors=0
  progress: 142500/200000  ok=142500  errors=0
  progress: 143000/200000  ok=143000  errors=0
  progress: 143500/200000  ok=143500  errors=0
  progress: 144000/200000  ok=144000  errors=0
  progress: 144500/200000  ok=144500  errors=0
  progress: 145000/200000  ok=145000  errors=0
  progress: 145500/200000  ok=145500  errors=0
  progress: 146000/200000  ok=146000  errors=0
  progress: 146500/200000  ok=146500  errors=0
  progress: 147000/200000  ok=147000  errors=0
  progress: 147500/200000  ok=147500  errors=0
  progress: 148000/200000  ok=148000  errors=0
  progress: 148500/200000  ok=148500  errors=0
  progress: 149000/200000  ok=149000  errors=0
  progress: 149500/200000  ok=149500  errors=0
  progress: 150000/200000  ok=150000  errors=0
  progress: 150500/200000  ok=150500  errors=0
  progress: 151000/200000  ok=151000  errors=0
  progress: 151500/200000  ok=151500  errors=0
  progress: 152000/200000  ok=152000  errors=0
  progress: 152500/200000  ok=152500  errors=0
  progress: 153000/200000  ok=153000  errors=0
  progress: 153500/200000  ok=153500  errors=0
  progress: 154000/200000  ok=154000  errors=0
  progress: 154500/200000  ok=154500  errors=0
  progress: 155000/200000  ok=155000  errors=0
  progress: 155500/200000  ok=155500  errors=0
  progress: 156000/200000  ok=156000  errors=0
  progress: 156500/200000  ok=156500  errors=0
  progress: 157000/200000  ok=157000  errors=0
  progress: 157500/200000  ok=157500  errors=0
  progress: 158000/200000  ok=158000  errors=0
  progress: 158500/200000  ok=158500  errors=0
  progress: 159000/200000  ok=159000  errors=0
  progress: 159500/200000  ok=159500  errors=0
  progress: 160000/200000  ok=160000  errors=0
  progress: 160500/200000  ok=160500  errors=0
  progress: 161000/200000  ok=161000  errors=0
  progress: 161500/200000  ok=161500  errors=0
  progress: 162000/200000  ok=162000  errors=0
  progress: 162500/200000  ok=162500  errors=0
  progress: 163000/200000  ok=163000  errors=0
  progress: 163500/200000  ok=163500  errors=0
  progress: 164000/200000  ok=164000  errors=0
  progress: 164500/200000  ok=164500  errors=0
  progress: 165000/200000  ok=165000  errors=0
  progress: 165500/200000  ok=165500  errors=0
  progress: 166000/200000  ok=166000  errors=0
  progress: 166500/200000  ok=166500  errors=0
  progress: 167000/200000  ok=167000  errors=0
  progress: 167500/200000  ok=167500  errors=0
  progress: 168000/200000  ok=168000  errors=0
  progress: 168500/200000  ok=168500  errors=0
  progress: 169000/200000  ok=169000  errors=0
  progress: 169500/200000  ok=169500  errors=0
  progress: 170000/200000  ok=170000  errors=0
  progress: 170500/200000  ok=170500  errors=0
  progress: 171000/200000  ok=171000  errors=0
  progress: 171500/200000  ok=171500  errors=0
  progress: 172000/200000  ok=172000  errors=0
  progress: 172500/200000  ok=172500  errors=0
  progress: 173000/200000  ok=173000  errors=0
  progress: 173500/200000  ok=173500  errors=0
  progress: 174000/200000  ok=174000  errors=0
  progress: 174500/200000  ok=174500  errors=0
  progress: 175000/200000  ok=175000  errors=0
  progress: 175500/200000  ok=175500  errors=0
  progress: 176000/200000  ok=176000  errors=0
  progress: 176500/200000  ok=176500  errors=0
  progress: 177000/200000  ok=177000  errors=0
  progress: 177500/200000  ok=177500  errors=0
  progress: 178000/200000  ok=178000  errors=0
  progress: 178500/200000  ok=178500  errors=0
  progress: 179000/200000  ok=179000  errors=0
  progress: 179500/200000  ok=179500  errors=0
  progress: 180000/200000  ok=180000  errors=0
  progress: 180500/200000  ok=180500  errors=0
  progress: 181000/200000  ok=181000  errors=0
  progress: 181500/200000  ok=181500  errors=0
  progress: 182000/200000  ok=182000  errors=0
  progress: 182500/200000  ok=182500  errors=0
  progress: 183000/200000  ok=183000  errors=0
  progress: 183500/200000  ok=183500  errors=0
  progress: 184000/200000  ok=184000  errors=0
  progress: 184500/200000  ok=184500  errors=0
  progress: 185000/200000  ok=185000  errors=0
  progress: 185500/200000  ok=185500  errors=0
  progress: 186000/200000  ok=186000  errors=0
  progress: 186500/200000  ok=186500  errors=0
  progress: 187000/200000  ok=187000  errors=0
  progress: 187500/200000  ok=187500  errors=0
  progress: 188000/200000  ok=188000  errors=0
  progress: 188500/200000  ok=188500  errors=0
  progress: 189000/200000  ok=189000  errors=0
  progress: 189500/200000  ok=189500  errors=0
  progress: 190000/200000  ok=190000  errors=0
  progress: 190500/200000  ok=190500  errors=0
  progress: 191000/200000  ok=191000  errors=0
  progress: 191500/200000  ok=191500  errors=0
  progress: 192000/200000  ok=192000  errors=0
  progress: 192500/200000  ok=192500  errors=0
  progress: 193000/200000  ok=193000  errors=0
  progress: 193500/200000  ok=193500  errors=0
  progress: 194000/200000  ok=194000  errors=0
  progress: 194500/200000  ok=194500  errors=0
  progress: 195000/200000  ok=195000  errors=0
  progress: 195500/200000  ok=195500  errors=0
  progress: 196000/200000  ok=196000  errors=0
  progress: 196500/200000  ok=196500  errors=0
  progress: 197000/200000  ok=197000  errors=0
  progress: 197500/200000  ok=197500  errors=0
  progress: 198000/200000  ok=198000  errors=0
  progress: 198500/200000  ok=198500  errors=0
  progress: 199000/200000  ok=199000  errors=0
  progress: 199500/200000  ok=199500  errors=0
  progress: 200000/200000  ok=200000  errors=0
[asm] Done — 200000 compiled
[llvm] [mispredict_taken] Generating LLVM IR for 200000/200000 instances …
[llvm] Done — 200000/200000 .ll files
[asm] Compiling 200000/200000 .ll files  (jobs=8) …
  progress: 500/200000  ok=500  errors=0
  progress: 1000/200000  ok=1000  errors=0
  progress: 1500/200000  ok=1500  errors=0
  progress: 2000/200000  ok=2000  errors=0
  progress: 2500/200000  ok=2500  errors=0
  progress: 3000/200000  ok=3000  errors=0
  progress: 3500/200000  ok=3500  errors=0
  progress: 4000/200000  ok=4000  errors=0
  progress: 4500/200000  ok=4500  errors=0
  progress: 5000/200000  ok=5000  errors=0
  progress: 5500/200000  ok=5500  errors=0
  progress: 6000/200000  ok=6000  errors=0
  progress: 6500/200000  ok=6500  errors=0
  progress: 7000/200000  ok=7000  errors=0
  progress: 7500/200000  ok=7500  errors=0
  progress: 8000/200000  ok=8000  errors=0
  progress: 8500/200000  ok=8500  errors=0
  progress: 9000/200000  ok=9000  errors=0
  progress: 9500/200000  ok=9500  errors=0
  progress: 10000/200000  ok=10000  errors=0
  progress: 10500/200000  ok=10500  errors=0
  progress: 11000/200000  ok=11000  errors=0
  progress: 11500/200000  ok=11500  errors=0
  progress: 12000/200000  ok=12000  errors=0
  progress: 12500/200000  ok=12500  errors=0
  progress: 13000/200000  ok=13000  errors=0
  progress: 13500/200000  ok=13500  errors=0
  progress: 14000/200000  ok=14000  errors=0
  progress: 14500/200000  ok=14500  errors=0
  progress: 15000/200000  ok=15000  errors=0
  progress: 15500/200000  ok=15500  errors=0
  progress: 16000/200000  ok=16000  errors=0
  progress: 16500/200000  ok=16500  errors=0
  progress: 17000/200000  ok=17000  errors=0
  progress: 17500/200000  ok=17500  errors=0
  progress: 18000/200000  ok=18000  errors=0
  progress: 18500/200000  ok=18500  errors=0
  progress: 19000/200000  ok=19000  errors=0
  progress: 19500/200000  ok=19500  errors=0
  progress: 20000/200000  ok=20000  errors=0
  progress: 20500/200000  ok=20500  errors=0
  progress: 21000/200000  ok=21000  errors=0
  progress: 21500/200000  ok=21500  errors=0
  progress: 22000/200000  ok=22000  errors=0
  progress: 22500/200000  ok=22500  errors=0
  progress: 23000/200000  ok=23000  errors=0
  progress: 23500/200000  ok=23500  errors=0
  progress: 24000/200000  ok=24000  errors=0
  progress: 24500/200000  ok=24500  errors=0
  progress: 25000/200000  ok=25000  errors=0
  progress: 25500/200000  ok=25500  errors=0
  progress: 26000/200000  ok=26000  errors=0
  progress: 26500/200000  ok=26500  errors=0
  progress: 27000/200000  ok=27000  errors=0
  progress: 27500/200000  ok=27500  errors=0
  progress: 28000/200000  ok=28000  errors=0
  progress: 28500/200000  ok=28500  errors=0
  progress: 29000/200000  ok=29000  errors=0
  progress: 29500/200000  ok=29500  errors=0
  progress: 30000/200000  ok=30000  errors=0
  progress: 30500/200000  ok=30500  errors=0
  progress: 31000/200000  ok=31000  errors=0
  progress: 31500/200000  ok=31500  errors=0
  progress: 32000/200000  ok=32000  errors=0
  progress: 32500/200000  ok=32500  errors=0
  progress: 33000/200000  ok=33000  errors=0
  progress: 33500/200000  ok=33500  errors=0
  progress: 34000/200000  ok=34000  errors=0
  progress: 34500/200000  ok=34500  errors=0
  progress: 35000/200000  ok=35000  errors=0
  progress: 35500/200000  ok=35500  errors=0
  progress: 36000/200000  ok=36000  errors=0
  progress: 36500/200000  ok=36500  errors=0
  progress: 37000/200000  ok=37000  errors=0
  progress: 37500/200000  ok=37500  errors=0
  progress: 38000/200000  ok=38000  errors=0
  progress: 38500/200000  ok=38500  errors=0
  progress: 39000/200000  ok=39000  errors=0
  progress: 39500/200000  ok=39500  errors=0
  progress: 40000/200000  ok=40000  errors=0
  progress: 40500/200000  ok=40500  errors=0
  progress: 41000/200000  ok=41000  errors=0
  progress: 41500/200000  ok=41500  errors=0
  progress: 42000/200000  ok=42000  errors=0
  progress: 42500/200000  ok=42500  errors=0
  progress: 43000/200000  ok=43000  errors=0
  progress: 43500/200000  ok=43500  errors=0
  progress: 44000/200000  ok=44000  errors=0
  progress: 44500/200000  ok=44500  errors=0
  progress: 45000/200000  ok=45000  errors=0
  progress: 45500/200000  ok=45500  errors=0
  progress: 46000/200000  ok=46000  errors=0
  progress: 46500/200000  ok=46500  errors=0
  progress: 47000/200000  ok=47000  errors=0
  progress: 47500/200000  ok=47500  errors=0
  progress: 48000/200000  ok=48000  errors=0
  progress: 48500/200000  ok=48500  errors=0
  progress: 49000/200000  ok=49000  errors=0
  progress: 49500/200000  ok=49500  errors=0
  progress: 50000/200000  ok=50000  errors=0
  progress: 50500/200000  ok=50500  errors=0
  progress: 51000/200000  ok=51000  errors=0
  progress: 51500/200000  ok=51500  errors=0
  progress: 52000/200000  ok=52000  errors=0
  progress: 52500/200000  ok=52500  errors=0
  progress: 53000/200000  ok=53000  errors=0
  progress: 53500/200000  ok=53500  errors=0
  progress: 54000/200000  ok=54000  errors=0
  progress: 54500/200000  ok=54500  errors=0
  progress: 55000/200000  ok=55000  errors=0
  progress: 55500/200000  ok=55500  errors=0
  progress: 56000/200000  ok=56000  errors=0
  progress: 56500/200000  ok=56500  errors=0
  progress: 57000/200000  ok=57000  errors=0
  progress: 57500/200000  ok=57500  errors=0
  progress: 58000/200000  ok=58000  errors=0
  progress: 58500/200000  ok=58500  errors=0
  progress: 59000/200000  ok=59000  errors=0
  progress: 59500/200000  ok=59500  errors=0
  progress: 60000/200000  ok=60000  errors=0
  progress: 60500/200000  ok=60500  errors=0
  progress: 61000/200000  ok=61000  errors=0
  progress: 61500/200000  ok=61500  errors=0
  progress: 62000/200000  ok=62000  errors=0
  progress: 62500/200000  ok=62500  errors=0
  progress: 63000/200000  ok=63000  errors=0
  progress: 63500/200000  ok=63500  errors=0
  progress: 64000/200000  ok=64000  errors=0
  progress: 64500/200000  ok=64500  errors=0
  progress: 65000/200000  ok=65000  errors=0
  progress: 65500/200000  ok=65500  errors=0
  progress: 66000/200000  ok=66000  errors=0
  progress: 66500/200000  ok=66500  errors=0
  progress: 67000/200000  ok=67000  errors=0
  progress: 67500/200000  ok=67500  errors=0
  progress: 68000/200000  ok=68000  errors=0
  progress: 68500/200000  ok=68500  errors=0
  progress: 69000/200000  ok=69000  errors=0
  progress: 69500/200000  ok=69500  errors=0
  progress: 70000/200000  ok=70000  errors=0
  progress: 70500/200000  ok=70500  errors=0
  progress: 71000/200000  ok=71000  errors=0
  progress: 71500/200000  ok=71500  errors=0
  progress: 72000/200000  ok=72000  errors=0
  progress: 72500/200000  ok=72500  errors=0
  progress: 73000/200000  ok=73000  errors=0
  progress: 73500/200000  ok=73500  errors=0
  progress: 74000/200000  ok=74000  errors=0
  progress: 74500/200000  ok=74500  errors=0
  progress: 75000/200000  ok=75000  errors=0
  progress: 75500/200000  ok=75500  errors=0
  progress: 76000/200000  ok=76000  errors=0
  progress: 76500/200000  ok=76500  errors=0
  progress: 77000/200000  ok=77000  errors=0
  progress: 77500/200000  ok=77500  errors=0
  progress: 78000/200000  ok=78000  errors=0
  progress: 78500/200000  ok=78500  errors=0
  progress: 79000/200000  ok=79000  errors=0
  progress: 79500/200000  ok=79500  errors=0
  progress: 80000/200000  ok=80000  errors=0
  progress: 80500/200000  ok=80500  errors=0
  progress: 81000/200000  ok=81000  errors=0
  progress: 81500/200000  ok=81500  errors=0
  progress: 82000/200000  ok=82000  errors=0
  progress: 82500/200000  ok=82500  errors=0
  progress: 83000/200000  ok=83000  errors=0
  progress: 83500/200000  ok=83500  errors=0
  progress: 84000/200000  ok=84000  errors=0
  progress: 84500/200000  ok=84500  errors=0
  progress: 85000/200000  ok=85000  errors=0
  progress: 85500/200000  ok=85500  errors=0
  progress: 86000/200000  ok=86000  errors=0
  progress: 86500/200000  ok=86500  errors=0
  progress: 87000/200000  ok=87000  errors=0
  progress: 87500/200000  ok=87500  errors=0
  progress: 88000/200000  ok=88000  errors=0
  progress: 88500/200000  ok=88500  errors=0
  progress: 89000/200000  ok=89000  errors=0
  progress: 89500/200000  ok=89500  errors=0
  progress: 90000/200000  ok=90000  errors=0
  progress: 90500/200000  ok=90500  errors=0
  progress: 91000/200000  ok=91000  errors=0
  progress: 91500/200000  ok=91500  errors=0
  progress: 92000/200000  ok=92000  errors=0
  progress: 92500/200000  ok=92500  errors=0
  progress: 93000/200000  ok=93000  errors=0
  progress: 93500/200000  ok=93500  errors=0
  progress: 94000/200000  ok=94000  errors=0
  progress: 94500/200000  ok=94500  errors=0
  progress: 95000/200000  ok=95000  errors=0
  progress: 95500/200000  ok=95500  errors=0
  progress: 96000/200000  ok=96000  errors=0
  progress: 96500/200000  ok=96500  errors=0
  progress: 97000/200000  ok=97000  errors=0
  progress: 97500/200000  ok=97500  errors=0
  progress: 98000/200000  ok=98000  errors=0
  progress: 98500/200000  ok=98500  errors=0
  progress: 99000/200000  ok=99000  errors=0
  progress: 99500/200000  ok=99500  errors=0
  progress: 100000/200000  ok=100000  errors=0
  progress: 100500/200000  ok=100500  errors=0
  progress: 101000/200000  ok=101000  errors=0
  progress: 101500/200000  ok=101500  errors=0
  progress: 102000/200000  ok=102000  errors=0
  progress: 102500/200000  ok=102500  errors=0
  progress: 103000/200000  ok=103000  errors=0
  progress: 103500/200000  ok=103500  errors=0
  progress: 104000/200000  ok=104000  errors=0
  progress: 104500/200000  ok=104500  errors=0
  progress: 105000/200000  ok=105000  errors=0
  progress: 105500/200000  ok=105500  errors=0
  progress: 106000/200000  ok=106000  errors=0
  progress: 106500/200000  ok=106500  errors=0
  progress: 107000/200000  ok=107000  errors=0
  progress: 107500/200000  ok=107500  errors=0
  progress: 108000/200000  ok=108000  errors=0
  progress: 108500/200000  ok=108500  errors=0
  progress: 109000/200000  ok=109000  errors=0
  progress: 109500/200000  ok=109500  errors=0
  progress: 110000/200000  ok=110000  errors=0
  progress: 110500/200000  ok=110500  errors=0
  progress: 111000/200000  ok=111000  errors=0
  progress: 111500/200000  ok=111500  errors=0
  progress: 112000/200000  ok=112000  errors=0
  progress: 112500/200000  ok=112500  errors=0
  progress: 113000/200000  ok=113000  errors=0
  progress: 113500/200000  ok=113500  errors=0
  progress: 114000/200000  ok=114000  errors=0
  progress: 114500/200000  ok=114500  errors=0
  progress: 115000/200000  ok=115000  errors=0
  progress: 115500/200000  ok=115500  errors=0
  progress: 116000/200000  ok=116000  errors=0
  progress: 116500/200000  ok=116500  errors=0
  progress: 117000/200000  ok=117000  errors=0
  progress: 117500/200000  ok=117500  errors=0
  progress: 118000/200000  ok=118000  errors=0
  progress: 118500/200000  ok=118500  errors=0
  progress: 119000/200000  ok=119000  errors=0
  progress: 119500/200000  ok=119500  errors=0
  progress: 120000/200000  ok=120000  errors=0
  progress: 120500/200000  ok=120500  errors=0
  progress: 121000/200000  ok=121000  errors=0
  progress: 121500/200000  ok=121500  errors=0
  progress: 122000/200000  ok=122000  errors=0
  progress: 122500/200000  ok=122500  errors=0
  progress: 123000/200000  ok=123000  errors=0
  progress: 123500/200000  ok=123500  errors=0
  progress: 124000/200000  ok=124000  errors=0
  progress: 124500/200000  ok=124500  errors=0
  progress: 125000/200000  ok=125000  errors=0
  progress: 125500/200000  ok=125500  errors=0
  progress: 126000/200000  ok=126000  errors=0
  progress: 126500/200000  ok=126500  errors=0
  progress: 127000/200000  ok=127000  errors=0
  progress: 127500/200000  ok=127500  errors=0
  progress: 128000/200000  ok=128000  errors=0
  progress: 128500/200000  ok=128500  errors=0
  progress: 129000/200000  ok=129000  errors=0
  progress: 129500/200000  ok=129500  errors=0
  progress: 130000/200000  ok=130000  errors=0
  progress: 130500/200000  ok=130500  errors=0
  progress: 131000/200000  ok=131000  errors=0
  progress: 131500/200000  ok=131500  errors=0
  progress: 132000/200000  ok=132000  errors=0
  progress: 132500/200000  ok=132500  errors=0
  progress: 133000/200000  ok=133000  errors=0
  progress: 133500/200000  ok=133500  errors=0
  progress: 134000/200000  ok=134000  errors=0
  progress: 134500/200000  ok=134500  errors=0
  progress: 135000/200000  ok=135000  errors=0
  progress: 135500/200000  ok=135500  errors=0
  progress: 136000/200000  ok=136000  errors=0
  progress: 136500/200000  ok=136500  errors=0
  progress: 137000/200000  ok=137000  errors=0
  progress: 137500/200000  ok=137500  errors=0
  progress: 138000/200000  ok=138000  errors=0
  progress: 138500/200000  ok=138500  errors=0
  progress: 139000/200000  ok=139000  errors=0
  progress: 139500/200000  ok=139500  errors=0
  progress: 140000/200000  ok=140000  errors=0
  progress: 140500/200000  ok=140500  errors=0
  progress: 141000/200000  ok=141000  errors=0
  progress: 141500/200000  ok=141500  errors=0
  progress: 142000/200000  ok=142000  errors=0
  progress: 142500/200000  ok=142500  errors=0
  progress: 143000/200000  ok=143000  errors=0
  progress: 143500/200000  ok=143500  errors=0
  progress: 144000/200000  ok=144000  errors=0
  progress: 144500/200000  ok=144500  errors=0
  progress: 145000/200000  ok=145000  errors=0
  progress: 145500/200000  ok=145500  errors=0
  progress: 146000/200000  ok=146000  errors=0
  progress: 146500/200000  ok=146500  errors=0
  progress: 147000/200000  ok=147000  errors=0
  progress: 147500/200000  ok=147500  errors=0
  progress: 148000/200000  ok=148000  errors=0
  progress: 148500/200000  ok=148500  errors=0
  progress: 149000/200000  ok=149000  errors=0
  progress: 149500/200000  ok=149500  errors=0
  progress: 150000/200000  ok=150000  errors=0
  progress: 150500/200000  ok=150500  errors=0
  progress: 151000/200000  ok=151000  errors=0
  progress: 151500/200000  ok=151500  errors=0
  progress: 152000/200000  ok=152000  errors=0
  progress: 152500/200000  ok=152500  errors=0
  progress: 153000/200000  ok=153000  errors=0
  progress: 153500/200000  ok=153500  errors=0
  progress: 154000/200000  ok=154000  errors=0
  progress: 154500/200000  ok=154500  errors=0
  progress: 155000/200000  ok=155000  errors=0
  progress: 155500/200000  ok=155500  errors=0
  progress: 156000/200000  ok=156000  errors=0
  progress: 156500/200000  ok=156500  errors=0
  progress: 157000/200000  ok=157000  errors=0
  progress: 157500/200000  ok=157500  errors=0
  progress: 158000/200000  ok=158000  errors=0
  progress: 158500/200000  ok=158500  errors=0
  progress: 159000/200000  ok=159000  errors=0
  progress: 159500/200000  ok=159500  errors=0
  progress: 160000/200000  ok=160000  errors=0
  progress: 160500/200000  ok=160500  errors=0
  progress: 161000/200000  ok=161000  errors=0
  progress: 161500/200000  ok=161500  errors=0
  progress: 162000/200000  ok=162000  errors=0
  progress: 162500/200000  ok=162500  errors=0
  progress: 163000/200000  ok=163000  errors=0
  progress: 163500/200000  ok=163500  errors=0
  progress: 164000/200000  ok=164000  errors=0
  progress: 164500/200000  ok=164500  errors=0
  progress: 165000/200000  ok=165000  errors=0
  progress: 165500/200000  ok=165500  errors=0
  progress: 166000/200000  ok=166000  errors=0
  progress: 166500/200000  ok=166500  errors=0
  progress: 167000/200000  ok=167000  errors=0
  progress: 167500/200000  ok=167500  errors=0
  progress: 168000/200000  ok=168000  errors=0
  progress: 168500/200000  ok=168500  errors=0
  progress: 169000/200000  ok=169000  errors=0
  progress: 169500/200000  ok=169500  errors=0
  progress: 170000/200000  ok=170000  errors=0
  progress: 170500/200000  ok=170500  errors=0
  progress: 171000/200000  ok=171000  errors=0
  progress: 171500/200000  ok=171500  errors=0
  progress: 172000/200000  ok=172000  errors=0
  progress: 172500/200000  ok=172500  errors=0
  progress: 173000/200000  ok=173000  errors=0
  progress: 173500/200000  ok=173500  errors=0
  progress: 174000/200000  ok=174000  errors=0
  progress: 174500/200000  ok=174500  errors=0
  progress: 175000/200000  ok=175000  errors=0
  progress: 175500/200000  ok=175500  errors=0
  progress: 176000/200000  ok=176000  errors=0
  progress: 176500/200000  ok=176500  errors=0
  progress: 177000/200000  ok=177000  errors=0
  progress: 177500/200000  ok=177500  errors=0
  progress: 178000/200000  ok=178000  errors=0
  progress: 178500/200000  ok=178500  errors=0
  progress: 179000/200000  ok=179000  errors=0
  progress: 179500/200000  ok=179500  errors=0
  progress: 180000/200000  ok=180000  errors=0
  progress: 180500/200000  ok=180500  errors=0
  progress: 181000/200000  ok=181000  errors=0
  progress: 181500/200000  ok=181500  errors=0
  progress: 182000/200000  ok=182000  errors=0
  progress: 182500/200000  ok=182500  errors=0
  progress: 183000/200000  ok=183000  errors=0
  progress: 183500/200000  ok=183500  errors=0
  progress: 184000/200000  ok=184000  errors=0
  progress: 184500/200000  ok=184500  errors=0
  progress: 185000/200000  ok=185000  errors=0
  progress: 185500/200000  ok=185500  errors=0
  progress: 186000/200000  ok=186000  errors=0
  progress: 186500/200000  ok=186500  errors=0
  progress: 187000/200000  ok=187000  errors=0
  progress: 187500/200000  ok=187500  errors=0
  progress: 188000/200000  ok=188000  errors=0
  progress: 188500/200000  ok=188500  errors=0
  progress: 189000/200000  ok=189000  errors=0
  progress: 189500/200000  ok=189500  errors=0
  progress: 190000/200000  ok=190000  errors=0
  progress: 190500/200000  ok=190500  errors=0
  progress: 191000/200000  ok=191000  errors=0
  progress: 191500/200000  ok=191500  errors=0
  progress: 192000/200000  ok=192000  errors=0
  progress: 192500/200000  ok=192500  errors=0
  progress: 193000/200000  ok=193000  errors=0
  progress: 193500/200000  ok=193500  errors=0
  progress: 194000/200000  ok=194000  errors=0
  progress: 194500/200000  ok=194500  errors=0
  progress: 195000/200000  ok=195000  errors=0
  progress: 195500/200000  ok=195500  errors=0
  progress: 196000/200000  ok=196000  errors=0
  progress: 196500/200000  ok=196500  errors=0
  progress: 197000/200000  ok=197000  errors=0
  progress: 197500/200000  ok=197500  errors=0
  progress: 198000/200000  ok=198000  errors=0
  progress: 198500/200000  ok=198500  errors=0
  progress: 199000/200000  ok=199000  errors=0
  progress: 199500/200000  ok=199500  errors=0
  progress: 200000/200000  ok=200000  errors=0
[asm] Done — 200000 compiled
[gen 10:46:13] xml 200000/200000 (done)  |  [mispredict_not_taken] llvm 200000 asm 200000 ann 200000  [mispredict_taken] llvm 200000 asm 200000 ann 200000
[llvm] All 200000 .ll files already generated — skipping
[asm] All 200000 .s files already compiled — skipping
[llvm] All 200000 .ll files already generated — skipping
[asm] All 200000 .s files already compiled — skipping
[gen 10:47:14] xml 200000/200000 (done)  |  [mispredict_not_taken] llvm 200000 asm 200000 ann 200000  [mispredict_taken] llvm 200000 asm 200000 ann 200000
[gen] complete — xml done and no new asm produced. Testset ready for testrun.py.
