[provenance] /tests/simspect/testsets_latest/STT_6/provenance.tar.gz  (git e298a9e1; 6 sources)
[xml] Enumerating instances from STT_6.als (cap=150000) …
[gen 17:37:09] xml 0/150000 (enumerating)  |  [mispredict_not_taken] llvm 0 asm 0 ann 0  [mispredict_taken] llvm 0 asm 0 ann 0
[llvm] [mispredict_not_taken] Generating LLVM IR for 450/450 instances …
[llvm] Done — 450/450 .ll files
[asm] Compiling 450/450 .ll files  (jobs=8) …
[asm] Done — 450 compiled
[llvm] [mispredict_taken] Generating LLVM IR for 803/803 instances …
[llvm] Done — 803/803 .ll files
[asm] Compiling 803/803 .ll files  (jobs=8) …
  progress: 500/803  ok=500  errors=0
[asm] Done — 803 compiled
[gen 17:38:45] xml 1388/150000 (enumerating)  |  [mispredict_not_taken] llvm 450 asm 450 ann 450  [mispredict_taken] llvm 803 asm 803 ann 803
[llvm] [mispredict_not_taken] Generating LLVM IR for 1399/1849 instances …
[llvm] Done — 1849/1849 .ll files
[asm] Compiling 1399/1849 .ll files  (jobs=8) …
  progress: 500/1399  ok=500  errors=0
  progress: 1000/1399  ok=1000  errors=0
[asm] Done — 1399 compiled
[llvm] [mispredict_taken] Generating LLVM IR for 2115/2918 instances …
[llvm] Done — 2918/2918 .ll files
[asm] Compiling 2115/2918 .ll files  (jobs=8) …
  progress: 500/2115  ok=500  errors=0
  progress: 1000/2115  ok=1000  errors=0
  progress: 1500/2115  ok=1500  errors=0
  progress: 2000/2115  ok=2000  errors=0
[asm] Done — 2115 compiled
[gen 17:42:44] xml 4683/150000 (enumerating)  |  [mispredict_not_taken] llvm 1849 asm 1849 ann 1849  [mispredict_taken] llvm 2918 asm 2918 ann 2918
[llvm] [mispredict_not_taken] Generating LLVM IR for 3121/4970 instances …
[llvm] Done — 4970/4970 .ll files
[asm] Compiling 3121/4970 .ll files  (jobs=8) …
  progress: 500/3121  ok=500  errors=0
  progress: 1000/3121  ok=1000  errors=0
  progress: 1500/3121  ok=1500  errors=0
  progress: 2000/3121  ok=2000  errors=0
  progress: 2500/3121  ok=2500  errors=0
  progress: 3000/3121  ok=3000  errors=0
[asm] Done — 3121 compiled
[llvm] [mispredict_taken] Generating LLVM IR for 4772/7690 instances …
[llvm] Done — 7690/7690 .ll files
[asm] Compiling 4772/7690 .ll files  (jobs=8) …
  progress: 500/4772  ok=500  errors=0
  progress: 1000/4772  ok=1000  errors=0
  progress: 1500/4772  ok=1500  errors=0
  progress: 2000/4772  ok=2000  errors=0
  progress: 2500/4772  ok=2500  errors=0
  progress: 3000/4772  ok=3000  errors=0
  progress: 3500/4772  ok=3500  errors=0
  progress: 4000/4772  ok=4000  errors=0
  progress: 4500/4772  ok=4500  errors=0
[asm] Done — 4772 compiled
[gen 17:52:19] xml 12486/150000 (enumerating)  |  [mispredict_not_taken] llvm 4970 asm 4970 ann 4970  [mispredict_taken] llvm 7690 asm 7690 ann 7690
[llvm] [mispredict_not_taken] Generating LLVM IR for 8031/13001 instances …
[llvm] Done — 13001/13001 .ll files
[asm] Compiling 8031/13001 .ll files  (jobs=8) …
  progress: 500/8031  ok=500  errors=0
  progress: 1000/8031  ok=1000  errors=0
  progress: 1500/8031  ok=1500  errors=0
  progress: 2000/8031  ok=2000  errors=0
  progress: 2500/8031  ok=2500  errors=0
  progress: 3000/8031  ok=3000  errors=0
  progress: 3500/8031  ok=3500  errors=0
  progress: 4000/8031  ok=4000  errors=0
  progress: 4500/8031  ok=4500  errors=0
  progress: 5000/8031  ok=5000  errors=0
  progress: 5500/8031  ok=5500  errors=0
  progress: 6000/8031  ok=6000  errors=0
  progress: 6500/8031  ok=6500  errors=0
  progress: 7000/8031  ok=7000  errors=0
  progress: 7500/8031  ok=7500  errors=0
  progress: 8000/8031  ok=8000  errors=0
[asm] Done — 8031 compiled
[llvm] [mispredict_taken] Generating LLVM IR for 12211/19901 instances …
[llvm] Done — 19901/19901 .ll files
[asm] Compiling 12211/19901 .ll files  (jobs=8) …
  progress: 500/12211  ok=500  errors=0
  progress: 1000/12211  ok=1000  errors=0
  progress: 1500/12211  ok=1500  errors=0
  progress: 2000/12211  ok=2000  errors=0
  progress: 2500/12211  ok=2500  errors=0
  progress: 3000/12211  ok=3000  errors=0
  progress: 3500/12211  ok=3500  errors=0
  progress: 4000/12211  ok=4000  errors=0
  progress: 4500/12211  ok=4500  errors=0
  progress: 5000/12211  ok=5000  errors=0
  progress: 5500/12211  ok=5500  errors=0
  progress: 6000/12211  ok=6000  errors=0
  progress: 6500/12211  ok=6500  errors=0
  progress: 7000/12211  ok=7000  errors=0
  progress: 7500/12211  ok=7500  errors=0
  progress: 8000/12211  ok=8000  errors=0
  progress: 8500/12211  ok=8500  errors=0
  progress: 9000/12211  ok=9000  errors=0
  progress: 9500/12211  ok=9500  errors=0
  progress: 10000/12211  ok=10000  errors=0
  progress: 10500/12211  ok=10500  errors=0
  progress: 11000/12211  ok=11000  errors=0
  progress: 11500/12211  ok=11500  errors=0
  progress: 12000/12211  ok=12000  errors=0
[asm] Done — 12211 compiled
[gen 18:13:52] xml 29698/150000 (enumerating)  |  [mispredict_not_taken] llvm 13001 asm 13001 ann 13001  [mispredict_taken] llvm 19901 asm 19901 ann 19901
[llvm] [mispredict_not_taken] Generating LLVM IR for 17139/30140 instances …
[llvm] Done — 30140/30140 .ll files
[asm] Compiling 17139/30140 .ll files  (jobs=8) …
  progress: 500/17139  ok=500  errors=0
  progress: 1000/17139  ok=1000  errors=0
  progress: 1500/17139  ok=1500  errors=0
  progress: 2000/17139  ok=2000  errors=0
  progress: 2500/17139  ok=2500  errors=0
  progress: 3000/17139  ok=3000  errors=0
  progress: 3500/17139  ok=3500  errors=0
  progress: 4000/17139  ok=4000  errors=0
  progress: 4500/17139  ok=4500  errors=0
  progress: 5000/17139  ok=5000  errors=0
  progress: 5500/17139  ok=5500  errors=0
  progress: 6000/17139  ok=6000  errors=0
  progress: 6500/17139  ok=6500  errors=0
  progress: 7000/17139  ok=7000  errors=0
  progress: 7500/17139  ok=7500  errors=0
  progress: 8000/17139  ok=8000  errors=0
  progress: 8500/17139  ok=8500  errors=0
  progress: 9000/17139  ok=9000  errors=0
  progress: 9500/17139  ok=9500  errors=0
  progress: 10000/17139  ok=10000  errors=0
  progress: 10500/17139  ok=10500  errors=0
  progress: 11000/17139  ok=11000  errors=0
  progress: 11500/17139  ok=11500  errors=0
  progress: 12000/17139  ok=12000  errors=0
  progress: 12500/17139  ok=12500  errors=0
  progress: 13000/17139  ok=13000  errors=0
  progress: 13500/17139  ok=13500  errors=0
  progress: 14000/17139  ok=14000  errors=0
  progress: 14500/17139  ok=14500  errors=0
  progress: 15000/17139  ok=15000  errors=0
  progress: 15500/17139  ok=15500  errors=0
  progress: 16000/17139  ok=16000  errors=0
  progress: 16500/17139  ok=16500  errors=0
  progress: 17000/17139  ok=17000  errors=0
[asm] Done — 17139 compiled
[llvm] [mispredict_taken] Generating LLVM IR for 23159/43060 instances …
[llvm] Done — 43060/43060 .ll files
[asm] Compiling 23159/43060 .ll files  (jobs=8) …
  progress: 500/23159  ok=500  errors=0
  progress: 1000/23159  ok=1000  errors=0
  progress: 1500/23159  ok=1500  errors=0
  progress: 2000/23159  ok=2000  errors=0
  progress: 2500/23159  ok=2500  errors=0
  progress: 3000/23159  ok=3000  errors=0
  progress: 3500/23159  ok=3500  errors=0
  progress: 4000/23159  ok=4000  errors=0
  progress: 4500/23159  ok=4500  errors=0
  progress: 5000/23159  ok=5000  errors=0
  progress: 5500/23159  ok=5500  errors=0
  progress: 6000/23159  ok=6000  errors=0
  progress: 6500/23159  ok=6500  errors=0
  progress: 7000/23159  ok=7000  errors=0
  progress: 7500/23159  ok=7500  errors=0
  progress: 8000/23159  ok=8000  errors=0
  progress: 8500/23159  ok=8500  errors=0
  progress: 9000/23159  ok=9000  errors=0
  progress: 9500/23159  ok=9500  errors=0
  progress: 10000/23159  ok=10000  errors=0
  progress: 10500/23159  ok=10500  errors=0
  progress: 11000/23159  ok=11000  errors=0
  progress: 11500/23159  ok=11500  errors=0
  progress: 12000/23159  ok=12000  errors=0
  progress: 12500/23159  ok=12500  errors=0
  progress: 13000/23159  ok=13000  errors=0
  progress: 13500/23159  ok=13500  errors=0
  progress: 14000/23159  ok=14000  errors=0
  progress: 14500/23159  ok=14500  errors=0
  progress: 15000/23159  ok=15000  errors=0
  progress: 15500/23159  ok=15500  errors=0
  progress: 16000/23159  ok=16000  errors=0
  progress: 16500/23159  ok=16500  errors=0
  progress: 17000/23159  ok=17000  errors=0
  progress: 17500/23159  ok=17500  errors=0
  progress: 18000/23159  ok=18000  errors=0
  progress: 18500/23159  ok=18500  errors=0
  progress: 19000/23159  ok=19000  errors=0
  progress: 19500/23159  ok=19500  errors=0
  progress: 20000/23159  ok=20000  errors=0
  progress: 20500/23159  ok=20500  errors=0
  progress: 21000/23159  ok=21000  errors=0
  progress: 21500/23159  ok=21500  errors=0
  progress: 22000/23159  ok=22000  errors=0
  progress: 22500/23159  ok=22500  errors=0
  progress: 23000/23159  ok=23000  errors=0
[asm] Done — 23159 compiled
[gen 19:02:12] xml 62142/150000 (enumerating)  |  [mispredict_not_taken] llvm 30140 asm 30140 ann 30140  [mispredict_taken] llvm 43060 asm 43060 ann 43060
[llvm] [mispredict_not_taken] Generating LLVM IR for 32507/62647 instances …
[llvm] Done — 62647/62647 .ll files
[asm] Compiling 32507/62647 .ll files  (jobs=8) …
  progress: 500/32507  ok=500  errors=0
  progress: 1000/32507  ok=1000  errors=0
  progress: 1500/32507  ok=1500  errors=0
  progress: 2000/32507  ok=2000  errors=0
  progress: 2500/32507  ok=2500  errors=0
  progress: 3000/32507  ok=3000  errors=0
  progress: 3500/32507  ok=3500  errors=0
  progress: 4000/32507  ok=4000  errors=0
  progress: 4500/32507  ok=4500  errors=0
  progress: 5000/32507  ok=5000  errors=0
  progress: 5500/32507  ok=5500  errors=0
  progress: 6000/32507  ok=6000  errors=0
  progress: 6500/32507  ok=6500  errors=0
  progress: 7000/32507  ok=7000  errors=0
  progress: 7500/32507  ok=7500  errors=0
  progress: 8000/32507  ok=8000  errors=0
  progress: 8500/32507  ok=8500  errors=0
  progress: 9000/32507  ok=9000  errors=0
  progress: 9500/32507  ok=9500  errors=0
  progress: 10000/32507  ok=10000  errors=0
  progress: 10500/32507  ok=10500  errors=0
  progress: 11000/32507  ok=11000  errors=0
  progress: 11500/32507  ok=11500  errors=0
  progress: 12000/32507  ok=12000  errors=0
  progress: 12500/32507  ok=12500  errors=0
  progress: 13000/32507  ok=13000  errors=0
  progress: 13500/32507  ok=13500  errors=0
  progress: 14000/32507  ok=14000  errors=0
  progress: 14500/32507  ok=14500  errors=0
  progress: 15000/32507  ok=15000  errors=0
  progress: 15500/32507  ok=15500  errors=0
  progress: 16000/32507  ok=16000  errors=0
  progress: 16500/32507  ok=16500  errors=0
  progress: 17000/32507  ok=17000  errors=0
  progress: 17500/32507  ok=17500  errors=0
  progress: 18000/32507  ok=18000  errors=0
  progress: 18500/32507  ok=18500  errors=0
  progress: 19000/32507  ok=19000  errors=0
  progress: 19500/32507  ok=19500  errors=0
  progress: 20000/32507  ok=20000  errors=0
  progress: 20500/32507  ok=20500  errors=0
  progress: 21000/32507  ok=21000  errors=0
  progress: 21500/32507  ok=21500  errors=0
  progress: 22000/32507  ok=22000  errors=0
  progress: 22500/32507  ok=22500  errors=0
  progress: 23000/32507  ok=23000  errors=0
  progress: 23500/32507  ok=23500  errors=0
  progress: 24000/32507  ok=24000  errors=0
  progress: 24500/32507  ok=24500  errors=0
  progress: 25000/32507  ok=25000  errors=0
  progress: 25500/32507  ok=25500  errors=0
  progress: 26000/32507  ok=26000  errors=0
  progress: 26500/32507  ok=26500  errors=0
  progress: 27000/32507  ok=27000  errors=0
  progress: 27500/32507  ok=27500  errors=0
  progress: 28000/32507  ok=28000  errors=0
  progress: 28500/32507  ok=28500  errors=0
  progress: 29000/32507  ok=29000  errors=0
  progress: 29500/32507  ok=29500  errors=0
  progress: 30000/32507  ok=30000  errors=0
  progress: 30500/32507  ok=30500  errors=0
  progress: 31000/32507  ok=31000  errors=0
  progress: 31500/32507  ok=31500  errors=0
  progress: 32000/32507  ok=32000  errors=0
  progress: 32500/32507  ok=32500  errors=0
[asm] Done — 32507 compiled
[llvm] [mispredict_taken] Generating LLVM IR for 46606/89666 instances …
[llvm] Done — 89666/89666 .ll files
[asm] Compiling 46606/89666 .ll files  (jobs=8) …
  progress: 500/46606  ok=500  errors=0
  progress: 1000/46606  ok=1000  errors=0
  progress: 1500/46606  ok=1500  errors=0
  progress: 2000/46606  ok=2000  errors=0
  progress: 2500/46606  ok=2500  errors=0
  progress: 3000/46606  ok=3000  errors=0
  progress: 3500/46606  ok=3500  errors=0
  progress: 4000/46606  ok=4000  errors=0
  progress: 4500/46606  ok=4500  errors=0
  progress: 5000/46606  ok=5000  errors=0
  progress: 5500/46606  ok=5500  errors=0
  progress: 6000/46606  ok=6000  errors=0
  progress: 6500/46606  ok=6500  errors=0
  progress: 7000/46606  ok=7000  errors=0
  progress: 7500/46606  ok=7500  errors=0
  progress: 8000/46606  ok=8000  errors=0
  progress: 8500/46606  ok=8500  errors=0
  progress: 9000/46606  ok=9000  errors=0
  progress: 9500/46606  ok=9500  errors=0
  progress: 10000/46606  ok=10000  errors=0
  progress: 10500/46606  ok=10500  errors=0
  progress: 11000/46606  ok=11000  errors=0
  progress: 11500/46606  ok=11500  errors=0
  progress: 12000/46606  ok=12000  errors=0
  progress: 12500/46606  ok=12500  errors=0
  progress: 13000/46606  ok=13000  errors=0
  progress: 13500/46606  ok=13500  errors=0
  progress: 14000/46606  ok=14000  errors=0
  progress: 14500/46606  ok=14500  errors=0
  progress: 15000/46606  ok=15000  errors=0
  progress: 15500/46606  ok=15500  errors=0
  progress: 16000/46606  ok=16000  errors=0
  progress: 16500/46606  ok=16500  errors=0
  progress: 17000/46606  ok=17000  errors=0
  progress: 17500/46606  ok=17500  errors=0
  progress: 18000/46606  ok=18000  errors=0
  progress: 18500/46606  ok=18500  errors=0
  progress: 19000/46606  ok=19000  errors=0
  progress: 19500/46606  ok=19500  errors=0
  progress: 20000/46606  ok=20000  errors=0
  progress: 20500/46606  ok=20500  errors=0
  progress: 21000/46606  ok=21000  errors=0
  progress: 21500/46606  ok=21500  errors=0
  progress: 22000/46606  ok=22000  errors=0
  progress: 22500/46606  ok=22500  errors=0
  progress: 23000/46606  ok=23000  errors=0
  progress: 23500/46606  ok=23500  errors=0
  progress: 24000/46606  ok=24000  errors=0
  progress: 24500/46606  ok=24500  errors=0
  progress: 25000/46606  ok=25000  errors=0
  progress: 25500/46606  ok=25500  errors=0
  progress: 26000/46606  ok=26000  errors=0
  progress: 26500/46606  ok=26500  errors=0
  progress: 27000/46606  ok=27000  errors=0
  progress: 27500/46606  ok=27500  errors=0
  progress: 28000/46606  ok=28000  errors=0
  progress: 28500/46606  ok=28500  errors=0
  progress: 29000/46606  ok=29000  errors=0
  progress: 29500/46606  ok=29500  errors=0
  progress: 30000/46606  ok=30000  errors=0
  progress: 30500/46606  ok=30500  errors=0
  progress: 31000/46606  ok=31000  errors=0
  progress: 31500/46606  ok=31500  errors=0
  progress: 32000/46606  ok=32000  errors=0
  progress: 32500/46606  ok=32500  errors=0
  progress: 33000/46606  ok=33000  errors=0
  progress: 33500/46606  ok=33500  errors=0
  progress: 34000/46606  ok=34000  errors=0
  progress: 34500/46606  ok=34500  errors=0
  progress: 35000/46606  ok=35000  errors=0
  progress: 35500/46606  ok=35500  errors=0
  progress: 36000/46606  ok=36000  errors=0
  progress: 36500/46606  ok=36500  errors=0
  progress: 37000/46606  ok=37000  errors=0
  progress: 37500/46606  ok=37500  errors=0
  progress: 38000/46606  ok=38000  errors=0
  progress: 38500/46606  ok=38500  errors=0
  progress: 39000/46606  ok=39000  errors=0
  progress: 39500/46606  ok=39500  errors=0
  progress: 40000/46606  ok=40000  errors=0
  progress: 40500/46606  ok=40500  errors=0
  progress: 41000/46606  ok=41000  errors=0
  progress: 41500/46606  ok=41500  errors=0
  progress: 42000/46606  ok=42000  errors=0
  progress: 42500/46606  ok=42500  errors=0
  progress: 43000/46606  ok=43000  errors=0
  progress: 43500/46606  ok=43500  errors=0
  progress: 44000/46606  ok=44000  errors=0
  progress: 44500/46606  ok=44500  errors=0
  progress: 45000/46606  ok=45000  errors=0
  progress: 45500/46606  ok=45500  errors=0
  progress: 46000/46606  ok=46000  errors=0
  progress: 46500/46606  ok=46500  errors=0
[asm] Done — 46606 compiled
[gen 20:27:42] xml 127878/150000 (enumerating)  |  [mispredict_not_taken] llvm 62647 asm 62647 ann 62647  [mispredict_taken] llvm 89666 asm 89666 ann 89666
[llvm] [mispredict_not_taken] Generating LLVM IR for 65851/128498 instances …
[llvm] Done — 128498/128498 .ll files
[asm] Compiling 65851/128498 .ll files  (jobs=8) …
  progress: 500/65851  ok=500  errors=0
  progress: 1000/65851  ok=1000  errors=0
  progress: 1500/65851  ok=1500  errors=0
  progress: 2000/65851  ok=2000  errors=0
  progress: 2500/65851  ok=2500  errors=0
  progress: 3000/65851  ok=3000  errors=0
  progress: 3500/65851  ok=3500  errors=0
  progress: 4000/65851  ok=4000  errors=0
  progress: 4500/65851  ok=4500  errors=0
  progress: 5000/65851  ok=5000  errors=0
  progress: 5500/65851  ok=5500  errors=0
  progress: 6000/65851  ok=6000  errors=0
  progress: 6500/65851  ok=6500  errors=0
  progress: 7000/65851  ok=7000  errors=0
  progress: 7500/65851  ok=7500  errors=0
  progress: 8000/65851  ok=8000  errors=0
  progress: 8500/65851  ok=8500  errors=0
  progress: 9000/65851  ok=9000  errors=0
  progress: 9500/65851  ok=9500  errors=0
  progress: 10000/65851  ok=10000  errors=0
  progress: 10500/65851  ok=10500  errors=0
  progress: 11000/65851  ok=11000  errors=0
  progress: 11500/65851  ok=11500  errors=0
  progress: 12000/65851  ok=12000  errors=0
  progress: 12500/65851  ok=12500  errors=0
  progress: 13000/65851  ok=13000  errors=0
  progress: 13500/65851  ok=13500  errors=0
  progress: 14000/65851  ok=14000  errors=0
  progress: 14500/65851  ok=14500  errors=0
  progress: 15000/65851  ok=15000  errors=0
  progress: 15500/65851  ok=15500  errors=0
  progress: 16000/65851  ok=16000  errors=0
  progress: 16500/65851  ok=16500  errors=0
  progress: 17000/65851  ok=17000  errors=0
  progress: 17500/65851  ok=17500  errors=0
  progress: 18000/65851  ok=18000  errors=0
  progress: 18500/65851  ok=18500  errors=0
  progress: 19000/65851  ok=19000  errors=0
  progress: 19500/65851  ok=19500  errors=0
  progress: 20000/65851  ok=20000  errors=0
  progress: 20500/65851  ok=20500  errors=0
  progress: 21000/65851  ok=21000  errors=0
[xml] Done — 150000 instances
  progress: 21500/65851  ok=21500  errors=0
  progress: 22000/65851  ok=22000  errors=0
  progress: 22500/65851  ok=22500  errors=0
  progress: 23000/65851  ok=23000  errors=0
  progress: 23500/65851  ok=23500  errors=0
  progress: 24000/65851  ok=24000  errors=0
  progress: 24500/65851  ok=24500  errors=0
  progress: 25000/65851  ok=25000  errors=0
  progress: 25500/65851  ok=25500  errors=0
  progress: 26000/65851  ok=26000  errors=0
  progress: 26500/65851  ok=26500  errors=0
  progress: 27000/65851  ok=27000  errors=0
  progress: 27500/65851  ok=27500  errors=0
  progress: 28000/65851  ok=28000  errors=0
  progress: 28500/65851  ok=28500  errors=0
  progress: 29000/65851  ok=29000  errors=0
  progress: 29500/65851  ok=29500  errors=0
  progress: 30000/65851  ok=30000  errors=0
  progress: 30500/65851  ok=30500  errors=0
  progress: 31000/65851  ok=31000  errors=0
  progress: 31500/65851  ok=31500  errors=0
  progress: 32000/65851  ok=32000  errors=0
  progress: 32500/65851  ok=32500  errors=0
  progress: 33000/65851  ok=33000  errors=0
  progress: 33500/65851  ok=33500  errors=0
  progress: 34000/65851  ok=34000  errors=0
  progress: 34500/65851  ok=34500  errors=0
  progress: 35000/65851  ok=35000  errors=0
  progress: 35500/65851  ok=35500  errors=0
  progress: 36000/65851  ok=36000  errors=0
  progress: 36500/65851  ok=36500  errors=0
  progress: 37000/65851  ok=37000  errors=0
  progress: 37500/65851  ok=37500  errors=0
  progress: 38000/65851  ok=38000  errors=0
  progress: 38500/65851  ok=38500  errors=0
  progress: 39000/65851  ok=39000  errors=0
  progress: 39500/65851  ok=39500  errors=0
  progress: 40000/65851  ok=40000  errors=0
  progress: 40500/65851  ok=40500  errors=0
  progress: 41000/65851  ok=41000  errors=0
  progress: 41500/65851  ok=41500  errors=0
  progress: 42000/65851  ok=42000  errors=0
  progress: 42500/65851  ok=42500  errors=0
  progress: 43000/65851  ok=43000  errors=0
  progress: 43500/65851  ok=43500  errors=0
  progress: 44000/65851  ok=44000  errors=0
  progress: 44500/65851  ok=44500  errors=0
  progress: 45000/65851  ok=45000  errors=0
  progress: 45500/65851  ok=45500  errors=0
  progress: 46000/65851  ok=46000  errors=0
  progress: 46500/65851  ok=46500  errors=0
  progress: 47000/65851  ok=47000  errors=0
  progress: 47500/65851  ok=47500  errors=0
  progress: 48000/65851  ok=48000  errors=0
  progress: 48500/65851  ok=48500  errors=0
  progress: 49000/65851  ok=49000  errors=0
  progress: 49500/65851  ok=49500  errors=0
  progress: 50000/65851  ok=50000  errors=0
  progress: 50500/65851  ok=50500  errors=0
  progress: 51000/65851  ok=51000  errors=0
  progress: 51500/65851  ok=51500  errors=0
  progress: 52000/65851  ok=52000  errors=0
  progress: 52500/65851  ok=52500  errors=0
  progress: 53000/65851  ok=53000  errors=0
  progress: 53500/65851  ok=53500  errors=0
  progress: 54000/65851  ok=54000  errors=0
  progress: 54500/65851  ok=54500  errors=0
  progress: 55000/65851  ok=55000  errors=0
  progress: 55500/65851  ok=55500  errors=0
  progress: 56000/65851  ok=56000  errors=0
  progress: 56500/65851  ok=56500  errors=0
  progress: 57000/65851  ok=57000  errors=0
  progress: 57500/65851  ok=57500  errors=0
  progress: 58000/65851  ok=58000  errors=0
  progress: 58500/65851  ok=58500  errors=0
  progress: 59000/65851  ok=59000  errors=0
  progress: 59500/65851  ok=59500  errors=0
  progress: 60000/65851  ok=60000  errors=0
  progress: 60500/65851  ok=60500  errors=0
  progress: 61000/65851  ok=61000  errors=0
  progress: 61500/65851  ok=61500  errors=0
  progress: 62000/65851  ok=62000  errors=0
  progress: 62500/65851  ok=62500  errors=0
  progress: 63000/65851  ok=63000  errors=0
  progress: 63500/65851  ok=63500  errors=0
  progress: 64000/65851  ok=64000  errors=0
  progress: 64500/65851  ok=64500  errors=0
  progress: 65000/65851  ok=65000  errors=0
  progress: 65500/65851  ok=65500  errors=0
[asm] Done — 65851 compiled
[llvm] [mispredict_taken] Generating LLVM IR for 60334/150000 instances …
[llvm] Done — 150000/150000 .ll files
[asm] Compiling 60334/150000 .ll files  (jobs=8) …
  progress: 500/60334  ok=500  errors=0
  progress: 1000/60334  ok=1000  errors=0
  progress: 1500/60334  ok=1500  errors=0
  progress: 2000/60334  ok=2000  errors=0
  progress: 2500/60334  ok=2500  errors=0
  progress: 3000/60334  ok=3000  errors=0
  progress: 3500/60334  ok=3500  errors=0
  progress: 4000/60334  ok=4000  errors=0
  progress: 4500/60334  ok=4500  errors=0
  progress: 5000/60334  ok=5000  errors=0
  progress: 5500/60334  ok=5500  errors=0
  progress: 6000/60334  ok=6000  errors=0
  progress: 6500/60334  ok=6500  errors=0
  progress: 7000/60334  ok=7000  errors=0
  progress: 7500/60334  ok=7500  errors=0
  progress: 8000/60334  ok=8000  errors=0
  progress: 8500/60334  ok=8500  errors=0
  progress: 9000/60334  ok=9000  errors=0
  progress: 9500/60334  ok=9500  errors=0
  progress: 10000/60334  ok=10000  errors=0
  progress: 10500/60334  ok=10500  errors=0
  progress: 11000/60334  ok=11000  errors=0
  progress: 11500/60334  ok=11500  errors=0
  progress: 12000/60334  ok=12000  errors=0
  progress: 12500/60334  ok=12500  errors=0
  progress: 13000/60334  ok=13000  errors=0
  progress: 13500/60334  ok=13500  errors=0
  progress: 14000/60334  ok=14000  errors=0
  progress: 14500/60334  ok=14500  errors=0
  progress: 15000/60334  ok=15000  errors=0
  progress: 15500/60334  ok=15500  errors=0
  progress: 16000/60334  ok=16000  errors=0
  progress: 16500/60334  ok=16500  errors=0
  progress: 17000/60334  ok=17000  errors=0
  progress: 17500/60334  ok=17500  errors=0
  progress: 18000/60334  ok=18000  errors=0
  progress: 18500/60334  ok=18500  errors=0
  progress: 19000/60334  ok=19000  errors=0
  progress: 19500/60334  ok=19500  errors=0
  progress: 20000/60334  ok=20000  errors=0
  progress: 20500/60334  ok=20500  errors=0
  progress: 21000/60334  ok=21000  errors=0
  progress: 21500/60334  ok=21500  errors=0
  progress: 22000/60334  ok=22000  errors=0
  progress: 22500/60334  ok=22500  errors=0
  progress: 23000/60334  ok=23000  errors=0
  progress: 23500/60334  ok=23500  errors=0
  progress: 24000/60334  ok=24000  errors=0
  progress: 24500/60334  ok=24500  errors=0
  progress: 25000/60334  ok=25000  errors=0
  progress: 25500/60334  ok=25500  errors=0
  progress: 26000/60334  ok=26000  errors=0
  progress: 26500/60334  ok=26500  errors=0
  progress: 27000/60334  ok=27000  errors=0
  progress: 27500/60334  ok=27500  errors=0
  progress: 28000/60334  ok=28000  errors=0
  progress: 28500/60334  ok=28500  errors=0
  progress: 29000/60334  ok=29000  errors=0
  progress: 29500/60334  ok=29500  errors=0
  progress: 30000/60334  ok=30000  errors=0
  progress: 30500/60334  ok=30500  errors=0
  progress: 31000/60334  ok=31000  errors=0
  progress: 31500/60334  ok=31500  errors=0
  progress: 32000/60334  ok=32000  errors=0
  progress: 32500/60334  ok=32500  errors=0
  progress: 33000/60334  ok=33000  errors=0
  progress: 33500/60334  ok=33500  errors=0
  progress: 34000/60334  ok=34000  errors=0
  progress: 34500/60334  ok=34500  errors=0
  progress: 35000/60334  ok=35000  errors=0
  progress: 35500/60334  ok=35500  errors=0
  progress: 36000/60334  ok=36000  errors=0
  progress: 36500/60334  ok=36500  errors=0
  progress: 37000/60334  ok=37000  errors=0
  progress: 37500/60334  ok=37500  errors=0
  progress: 38000/60334  ok=38000  errors=0
  progress: 38500/60334  ok=38500  errors=0
  progress: 39000/60334  ok=39000  errors=0
  progress: 39500/60334  ok=39500  errors=0
  progress: 40000/60334  ok=40000  errors=0
  progress: 40500/60334  ok=40500  errors=0
  progress: 41000/60334  ok=41000  errors=0
  progress: 41500/60334  ok=41500  errors=0
  progress: 42000/60334  ok=42000  errors=0
  progress: 42500/60334  ok=42500  errors=0
  progress: 43000/60334  ok=43000  errors=0
  progress: 43500/60334  ok=43500  errors=0
  progress: 44000/60334  ok=44000  errors=0
  progress: 44500/60334  ok=44500  errors=0
  progress: 45000/60334  ok=45000  errors=0
  progress: 45500/60334  ok=45500  errors=0
  progress: 46000/60334  ok=46000  errors=0
  progress: 46500/60334  ok=46500  errors=0
  progress: 47000/60334  ok=47000  errors=0
  progress: 47500/60334  ok=47500  errors=0
  progress: 48000/60334  ok=48000  errors=0
  progress: 48500/60334  ok=48500  errors=0
  progress: 49000/60334  ok=49000  errors=0
  progress: 49500/60334  ok=49500  errors=0
  progress: 50000/60334  ok=50000  errors=0
  progress: 50500/60334  ok=50500  errors=0
  progress: 51000/60334  ok=51000  errors=0
  progress: 51500/60334  ok=51500  errors=0
  progress: 52000/60334  ok=52000  errors=0
  progress: 52500/60334  ok=52500  errors=0
  progress: 53000/60334  ok=53000  errors=0
  progress: 53500/60334  ok=53500  errors=0
  progress: 54000/60334  ok=54000  errors=0
  progress: 54500/60334  ok=54500  errors=0
  progress: 55000/60334  ok=55000  errors=0
  progress: 55500/60334  ok=55500  errors=0
  progress: 56000/60334  ok=56000  errors=0
  progress: 56500/60334  ok=56500  errors=0
  progress: 57000/60334  ok=57000  errors=0
  progress: 57500/60334  ok=57500  errors=0
  progress: 58000/60334  ok=58000  errors=0
  progress: 58500/60334  ok=58500  errors=0
  progress: 59000/60334  ok=59000  errors=0
  progress: 59500/60334  ok=59500  errors=0
  progress: 60000/60334  ok=60000  errors=0
[asm] Done — 60334 compiled
[gen 22:10:47] xml 150000/150000 (done)  |  [mispredict_not_taken] llvm 128498 asm 128498 ann 128498  [mispredict_taken] llvm 150000 asm 150000 ann 150000
[llvm] [mispredict_not_taken] Generating LLVM IR for 21502/150000 instances …
[llvm] Done — 150000/150000 .ll files
[asm] Compiling 21502/150000 .ll files  (jobs=8) …
  progress: 500/21502  ok=500  errors=0
  progress: 1000/21502  ok=1000  errors=0
  progress: 1500/21502  ok=1500  errors=0
  progress: 2000/21502  ok=2000  errors=0
  progress: 2500/21502  ok=2500  errors=0
  progress: 3000/21502  ok=3000  errors=0
  progress: 3500/21502  ok=3500  errors=0
  progress: 4000/21502  ok=4000  errors=0
  progress: 4500/21502  ok=4500  errors=0
  progress: 5000/21502  ok=5000  errors=0
  progress: 5500/21502  ok=5500  errors=0
  progress: 6000/21502  ok=6000  errors=0
  progress: 6500/21502  ok=6500  errors=0
  progress: 7000/21502  ok=7000  errors=0
  progress: 7500/21502  ok=7500  errors=0
  progress: 8000/21502  ok=8000  errors=0
  progress: 8500/21502  ok=8500  errors=0
  progress: 9000/21502  ok=9000  errors=0
  progress: 9500/21502  ok=9500  errors=0
  progress: 10000/21502  ok=10000  errors=0
  progress: 10500/21502  ok=10500  errors=0
  progress: 11000/21502  ok=11000  errors=0
  progress: 11500/21502  ok=11500  errors=0
  progress: 12000/21502  ok=12000  errors=0
  progress: 12500/21502  ok=12500  errors=0
  progress: 13000/21502  ok=13000  errors=0
  progress: 13500/21502  ok=13500  errors=0
  progress: 14000/21502  ok=14000  errors=0
  progress: 14500/21502  ok=14500  errors=0
  progress: 15000/21502  ok=15000  errors=0
  progress: 15500/21502  ok=15500  errors=0
  progress: 16000/21502  ok=16000  errors=0
  progress: 16500/21502  ok=16500  errors=0
  progress: 17000/21502  ok=17000  errors=0
  progress: 17500/21502  ok=17500  errors=0
  progress: 18000/21502  ok=18000  errors=0
  progress: 18500/21502  ok=18500  errors=0
  progress: 19000/21502  ok=19000  errors=0
  progress: 19500/21502  ok=19500  errors=0
  progress: 20000/21502  ok=20000  errors=0
  progress: 20500/21502  ok=20500  errors=0
  progress: 21000/21502  ok=21000  errors=0
  progress: 21500/21502  ok=21500  errors=0
[asm] Done — 21502 compiled
[llvm] All 150000 .ll files already generated — skipping
[asm] All 150000 .s files already compiled — skipping
[gen 22:27:57] xml 150000/150000 (done)  |  [mispredict_not_taken] llvm 150000 asm 150000 ann 150000  [mispredict_taken] llvm 150000 asm 150000 ann 150000
[llvm] All 150000 .ll files already generated — skipping
[asm] All 150000 .s files already compiled — skipping
[llvm] All 150000 .ll files already generated — skipping
[asm] All 150000 .s files already compiled — skipping
[gen 22:28:51] xml 150000/150000 (done)  |  [mispredict_not_taken] llvm 150000 asm 150000 ann 150000  [mispredict_taken] llvm 150000 asm 150000 ann 150000
[gen] complete — xml done and no new asm produced. Testset ready for testrun.py.
